Archive member included to satisfy reference by file (symbol)

C:/devkitPro/libctru/lib\libcitro2d.a(base.o)
                              main.o (C2D_Init)
C:/devkitPro/libctru/lib\libcitro2d.a(text.o)
                              main.o (C2D_TextBufNew)
C:/devkitPro/libctru/lib\libcitro2d.a(render2d_shbin.o)
                              C:/devkitPro/libctru/lib\libcitro2d.a(base.o) (render2d_shbin)
C:/devkitPro/libctru/lib\libcitro2d.a(font.o)
                              C:/devkitPro/libctru/lib\libcitro2d.a(text.o) (C2D_FontGlyphIndexFromCodePoint)
C:/devkitPro/libctru/lib\libcitro3d.a(attribs.o)
                              C:/devkitPro/libctru/lib\libcitro2d.a(base.o) (AttrInfo_Init)
C:/devkitPro/libctru/lib\libcitro3d.a(base.o)
                              C:/devkitPro/libctru/lib\libcitro3d.a(attribs.o) (__C3D_Context)
C:/devkitPro/libctru/lib\libcitro3d.a(buffers.o)
                              C:/devkitPro/libctru/lib\libcitro2d.a(base.o) (BufInfo_Init)
C:/devkitPro/libctru/lib\libcitro3d.a(drawElements.o)
                              C:/devkitPro/libctru/lib\libcitro2d.a(base.o) (C3D_DrawElements)
C:/devkitPro/libctru/lib\libcitro3d.a(effect.o)
                              C:/devkitPro/libctru/lib\libcitro3d.a(base.o) (C3D_DepthMap)
C:/devkitPro/libctru/lib\libcitro3d.a(framebuffer.o)
                              C:/devkitPro/libctru/lib\libcitro3d.a(base.o) (C3Di_FrameBufBind)
C:/devkitPro/libctru/lib\libcitro3d.a(immediate.o)
                              C:/devkitPro/libctru/lib\libcitro3d.a(base.o) (C3D_ImmSendAttrib)
C:/devkitPro/libctru/lib\libcitro3d.a(proctex.o)
                              C:/devkitPro/libctru/lib\libcitro2d.a(base.o) (C3D_ProcTexInit)
C:/devkitPro/libctru/lib\libcitro3d.a(renderqueue.o)
                              C:/devkitPro/libctru/lib\libcitro3d.a(base.o) (C3Di_RenderQueueEnableVBlank)
C:/devkitPro/libctru/lib\libcitro3d.a(texenv.o)
                              C:/devkitPro/libctru/lib\libcitro2d.a(base.o) (C3D_GetTexEnv)
C:/devkitPro/libctru/lib\libcitro3d.a(texture.o)
                              C:/devkitPro/libctru/lib\libcitro2d.a(base.o) (C3D_TexBind)
C:/devkitPro/libctru/lib\libcitro3d.a(uniforms.o)
                              C:/devkitPro/libctru/lib\libcitro3d.a(base.o) (C3D_UpdateUniforms)
C:/devkitPro/libctru/lib\libcitro3d.a(mtx_multiply.o)
                              C:/devkitPro/libctru/lib\libcitro2d.a(base.o) (Mtx_Multiply)
C:/devkitPro/libctru/lib\libcitro3d.a(mtx_ortho.o)
                              C:/devkitPro/libctru/lib\libcitro2d.a(base.o) (Mtx_Ortho)
C:/devkitPro/libctru/lib\libcitro3d.a(mtx_orthotilt.o)
                              C:/devkitPro/libctru/lib\libcitro2d.a(base.o) (Mtx_OrthoTilt)
C:/devkitPro/libctru/lib\libcitro3d.a(mtx_rotatez.o)
                              C:/devkitPro/libctru/lib\libcitro2d.a(base.o) (Mtx_RotateZ)
C:/devkitPro/libctru/lib\libcitro3d.a(mtx_scale.o)
                              C:/devkitPro/libctru/lib\libcitro2d.a(base.o) (Mtx_Scale)
C:/devkitPro/libctru/lib\libcitro3d.a(mtx_translate.o)
                              C:/devkitPro/libctru/lib\libcitro2d.a(base.o) (Mtx_Translate)
C:/devkitPro/libctru/lib\libctru.a(linear.o)
                              C:/devkitPro/libctru/lib\libcitro2d.a(base.o) (linearAlloc)
C:/devkitPro/libctru/lib\libctru.a(mem_pool.o)
                              C:/devkitPro/libctru/lib\libctru.a(linear.o) (MemPool::Allocate(MemChunk&, unsigned long, int))
C:/devkitPro/libctru/lib\libctru.a(vram.o)
                              C:/devkitPro/libctru/lib\libcitro3d.a(renderqueue.o) (vramAlloc)
C:/devkitPro/libctru/lib\libctru.a(console.o)
                              main.o (consoleInit)
C:/devkitPro/libctru/lib\libctru.a(font.o)
                              C:/devkitPro/libctru/lib\libcitro2d.a(text.o) (fontEnsureMapped)
C:/devkitPro/libctru/lib\libctru.a(gfx.o)
                              C:/devkitPro/libctru/lib\libcitro2d.a(base.o) (gfxIsWide)
C:/devkitPro/libctru/lib\libctru.a(os.o)
                              C:/devkitPro/libctru/lib\libcitro3d.a(buffers.o) (osConvertVirtToPhys)
C:/devkitPro/libctru/lib\libctru.a(romfs_dev.o)
                              main.o (romfsMountSelf)
C:/devkitPro/libctru/lib\libctru.a(gpu.o)
                              C:/devkitPro/libctru/lib\libcitro3d.a(renderqueue.o) (gpuCmdBuf)
C:/devkitPro/libctru/lib\libctru.a(gx.o)
                              C:/devkitPro/libctru/lib\libcitro3d.a(renderqueue.o) (GX_BindQueue)
C:/devkitPro/libctru/lib\libctru.a(gxqueue.o)
                              C:/devkitPro/libctru/lib\libcitro3d.a(renderqueue.o) (gxCmdQueueClear)
C:/devkitPro/libctru/lib\libctru.a(shaderProgram.o)
                              C:/devkitPro/libctru/lib\libcitro2d.a(base.o) (shaderInstanceGetUniformLocation)
C:/devkitPro/libctru/lib\libctru.a(shbin.o)
[...]
Memory Configuration

Name             Origin             Length             Attributes
*default*        0x00000000         0xffffffff

Linker script and memory map

                0x00000000                        __sync_synchronize = __sync_synchronize_dmb
                0x00100000                        PROVIDE (__start__ = 0x100000)
                0x00100000                        . = __start__

.text           0x00100000    0x2bea8
 *(.crt0)
 .crt0          0x00100000       0x94 C:/devkitPro/devkitARM/bin/../lib/gcc/arm-none-eabi/16.1.0/../../../../arm-none-eabi/lib/armv6k/fpu/3dsx_crt0.o
                0x00100000                _start
                0x00100008                __service_ptr
                0x0010000c                __apt_appid
                0x00100010                __heap_size
                0x00100014                __linear_heap_size
                0x00100018                __system_arglist
                0x0010001c                __system_runflags
 *(.init)
 .init          0x00100094        0xc C:/devkitPro/devkitARM/bin/../lib/gcc/arm-none-eabi/16.1.0/armv6k/fpu/crti.o
                0x00100094                _init
 .init          0x001000a0        0xc C:/devkitPro/devkitARM/bin/../lib/gcc/arm-none-eabi/16.1.0/armv6k/fpu/crtn.o
                0x001000ac                        . = ALIGN (0x4)
 *(.text)
 .text          0x001000ac      0x20c C:/devkitPro/devkitARM/bin/../lib/gcc/arm-none-eabi/16.1.0/armv6k/fpu\libgcc.a(_udivsi3.o)
                0x001000ac                __aeabi_uidiv
                0x001000ac                __udivsi3
                0x00100298                __aeabi_uidivmod
 .text          0x001002b8      0x240 C:/devkitPro/devkitARM/bin/../lib/gcc/arm-none-eabi/16.1.0/armv6k/fpu\libgcc.a(_divsi3.o)
                0x001002b8                __divsi3
                0x001002b8                __aeabi_idiv
                0x001004d8                __aeabi_idivmod
 .text          0x001004f8        0x4 C:/devkitPro/devkitARM/bin/../lib/gcc/arm-none-eabi/16.1.0/armv6k/fpu\libgcc.a(_dvmd_tls.o)
                0x001004f8                __aeabi_idiv0
                0x001004f8                __aeabi_ldiv0
 .text          0x001004fc       0xd4 C:/devkitPro/devkitARM/bin/../lib/gcc/arm-none-eabi/16.1.0/armv6k/fpu\libgcc.a(_aeabi_ldivmod.o)
                0x001004fc                __aeabi_ldivmod
 .text          0x001005d0       0x3c C:/devkitPro/devkitARM/bin/../lib/gcc/arm-none-eabi/16.1.0/armv6k/fpu\libgcc.a(_aeabi_uldivmod.o)
                0x001005d0                __aeabi_uldivmod
 *fill*         0x0010060c       0x14 
 .text          0x00100620      0x390 C:/devkitPro/devkitARM/bin/../lib/gcc/arm-none-eabi/16.1.0/../../../../arm-none-eabi/lib/armv6k/fpu\libg.a(libc_a-strcmp.o)
                0x00100628                strcmp
 *(.text.*)
 .text.__do_global_dtors_aux
                0x001009b0       0x50 C:/devkitPro/devkitARM/bin/../lib/gcc/arm-none-eabi/16.1.0/armv6k/fpu/crtbegin.o
 .text.frame_dummy
                0x00100a00       0x2c C:/devkitPro/devkitARM/bin/../lib/gcc/arm-none-eabi/16.1.0/armv6k/fpu/crtbegin.o
 .text._ZL16showStartupErrorPKc
                0x00100a2c       0x74 main.o
 .text._ZL22stringsEqualIgnoreCasePKcS0_
                0x00100aa0       0x6c main.o
 .text._ZL25selectFirstCardInCategoryi
                0x00100b0c       0x90 main.o
 .text._ZL28convertUnsupportedCharactersPc.part.0
                0x00100b9c       0xe0 main.o
 .text._ZL8wrapTextPKcPcji.part.0
                0x00100c7c      0x1c0 main.o
 .text._ZL14trimWhitespacePc.part.0
                0x00100e3c       0x98 main.o
 .text._ZL16getMatchingCardsPi.part.0
                0x00100ed4       0xc8 main.o
 .text._ZL11browseCardsi
                0x00100f9c       0x84 main.o
 .text._ZL10chooseCardv
                0x00101020       0x6c main.o
 .text._ZL15chooseDailyCardv
                0x0010108c       0xa0 main.o
 .text._ZL14changeCategoryi
                0x0010112c       0xec main.o
 .text._ZL13drawTopScreenv
                0x00101218      0x2f0 main.o
 .text.startup.main
                0x00101508     0x11c8 main.o
                0x00101508                main
 .text.C2Di_FrameEndHook
                0x001026d0       0x44 C:/devkitPro/libctru/lib\libcitro2d.a(base.o)
 .text.C2D_Init
                0x00102714      0x368 C:/devkitPro/libctru/lib\libcitro2d.a(base.o)
                0x00102714                C2D_Init
 .text.C2D_Fini
                0x00102a7c       0x4c C:/devkitPro/libctru/lib\libcitro2d.a(base.o)
                0x00102a7c                C2D_Fini
 .text.C2D_Prepare
                0x00102ac8       0xbc C:/devkitPro/libctru/lib\libcitro2d.a(base.o)
                0x00102ac8                C2D_Prepare
 .text.C2D_Flush
                0x00102b84       0x48 C:/devkitPro/libctru/lib\libcitro2d.a(base.o)
                0x00102b84                C2D_Flush
 .text.C2D_SceneSize
                0x00102bcc       0xfc C:/devkitPro/libctru/lib\libcitro2d.a(base.o)
                0x00102bcc                C2D_SceneSize
 .text.C2D_CreateScreenTarget
                0x00102cc8       0x60 C:/devkitPro/libctru/lib\libcitro2d.a(base.o)
                0x00102cc8                C2D_CreateScreenTarget
 .text.C2D_TargetClear
                0x00102d28       0x60 C:/devkitPro/libctru/lib\libcitro2d.a(base.o)
                0x00102d28                C2D_TargetClear
 .text.C2Di_AppendQuad
                0x00102d88       0x54 C:/devkitPro/libctru/lib\libcitro2d.a(base.o)
                0x00102d88                C2Di_AppendQuad
 .text.C2Di_AppendVtx
                0x00102ddc       0x40 C:/devkitPro/libctru/lib\libcitro2d.a(base.o)
                0x00102ddc                C2Di_AppendVtx
 .text.C2Di_Update
                0x00102e1c      0x738 C:/devkitPro/libctru/lib\libcitro2d.a(base.o)
                0x00102e1c                C2Di_Update
 .text.C2D_DrawRectangle
                0x00103554      0x168 C:/devkitPro/libctru/lib\libcitro2d.a(base.o)
                0x00103554                C2D_DrawRectangle
 .text.C2Di_GlyphComp
                0x001036bc       0x18 C:/devkitPro/libctru/lib\libcitro2d.a(text.o)
 .text.C2Di_CalcLineWidths
                0x001036d4      0x180 C:/devkitPro/libctru/lib\libcitro2d.a(text.o)
 .text.C2D_TextBufNew
                0x00103854      0x1d0 C:/devkitPro/libctru/lib\libcitro2d.a(text.o)
                0x00103854                C2D_TextBufNew
 .text.C2D_TextBufDelete
                0x00103a24        0x4 C:/devkitPro/libctru/lib\libcitro2d.a(text.o)
                0x00103a24                C2D_TextBufDelete
 .text.C2D_TextBufClear
                0x00103a28        0xc C:/devkitPro/libctru/lib\libcitro2d.a(text.o)
                0x00103a28                C2D_TextBufClear
 .text.C2D_TextFontParseLine
                0x00103a34      0x1c4 C:/devkitPro/libctru/lib\libcitro2d.a(text.o)
                0x00103a34                C2D_TextFontParseLine
 .text.C2D_TextFontParse
                0x00103bf8       0xa4 C:/devkitPro/libctru/lib\libcitro2d.a(text.o)
                0x00103bf8                C2D_TextFontParse
 .text.C2D_TextOptimize
                0x00103c9c       0x30 C:/devkitPro/libctru/lib\libcitro2d.a(text.o)
                0x00103c9c                C2D_TextOptimize
 .text.C2D_DrawText
                0x00103ccc      0xfdc C:/devkitPro/libctru/lib\libcitro2d.a(text.o)
                0x00103ccc                C2D_DrawText
 .text.C2D_FontGlyphIndexFromCodePoint
                0x00104ca8       0x50 C:/devkitPro/libctru/lib\libcitro2d.a(font.o)
                0x00104ca8                C2D_FontGlyphIndexFromCodePoint
 .text.C2D_FontCalcGlyphPos
                0x00104cf8       0x74 C:/devkitPro/libctru/lib\libcitro2d.a(font.o)
                0x00104cf8                C2D_FontCalcGlyphPos
 .text.AttrInfo_Init
                0x00104d6c       0x28 C:/devkitPro/libctru/lib\libcitro3d.a(attribs.o)
                0x00104d6c                AttrInfo_Init
 .text.AttrInfo_AddLoader
                0x00104d94       0x94 C:/devkitPro/libctru/lib\libcitro3d.a(attribs.o)
                0x00104d94                AttrInfo_AddLoader
 .text.C3D_SetAttrInfo
                0x00104e28       0x54 C:/devkitPro/libctru/lib\libcitro3d.a(attribs.o)
                0x00104e28                C3D_SetAttrInfo
 .text.C3Di_AttrInfoBind
                0x00104e7c       0x80 C:/devkitPro/libctru/lib\libcitro3d.a(attribs.o)
                0x00104e7c                C3Di_AttrInfoBind
 .text.C3Di_LightEnvUpdate
                0x00104efc        0x4 C:/devkitPro/libctru/lib\libcitro3d.a(base.o)
                0x00104efc                C3Di_LightEnvUpdate
 .text.C3Di_LightEnvDirty
                0x00104f00        0x4 C:/devkitPro/libctru/lib\libcitro3d.a(base.o)
                0x00104f00                C3Di_LightEnvDirty
 .text.C3Di_AptEventHook
                0x00104f04       0xb4 C:/devkitPro/libctru/lib\libcitro3d.a(base.o)
 .text.C3Di_GasUpdate
                0x00104fb8        0x4 C:/devkitPro/libctru/lib\libcitro3d.a(base.o)
                0x00104fb8                C3Di_GasUpdate
 .text.C3D_Init
                0x00104fbc      0x1d0 C:/devkitPro/libctru/lib\libcitro3d.a(base.o)
                0x00104fbc                C3D_Init
 .text.C3D_SetViewport
                0x0010518c       0x98 C:/devkitPro/libctru/lib\libcitro3d.a(base.o)
                0x0010518c                C3D_SetViewport
 .text.C3Di_UpdateContext
                0x00105224      0x4e8 C:/devkitPro/libctru/lib\libcitro3d.a(base.o)
                0x00105224                C3Di_UpdateContext
 .text.C3Di_SplitFrame
                0x0010570c       0xe0 C:/devkitPro/libctru/lib\libcitro3d.a(base.o)
                0x0010570c                C3Di_SplitFrame
 .text.C3D_Fini
                0x001057ec       0x44 C:/devkitPro/libctru/lib\libcitro3d.a(base.o)
                0x001057ec                C3D_Fini
 .text.C3D_BindProgram
                0x00105830      0x194 C:/devkitPro/libctru/lib\libcitro3d.a(base.o)
                0x00105830                C3D_BindProgram
 .text.BufInfo_Init
                0x001059c4       0x24 C:/devkitPro/libctru/lib\libcitro3d.a(buffers.o)
                0x001059c4                BufInfo_Init
 .text.BufInfo_Add
                0x001059e8       0x80 C:/devkitPro/libctru/lib\libcitro3d.a(buffers.o)
                0x001059e8                BufInfo_Add
 .text.C3D_SetBufInfo
                0x00105a68       0x3c C:/devkitPro/libctru/lib\libcitro3d.a(buffers.o)
                0x00105a68                C3D_SetBufInfo
 .text.C3Di_BufInfoBind
                0x00105aa4       0x48 C:/devkitPro/libctru/lib\libcitro3d.a(buffers.o)
                0x00105aa4                C3Di_BufInfoBind
 .text.C3D_DrawElements
                0x00105aec      0x21c C:/devkitPro/libctru/lib\libcitro3d.a(drawElements.o)
                0x00105aec                C3D_DrawElements
 .text.C3D_DepthMap
                0x00105d08       0x40 C:/devkitPro/libctru/lib\libcitro3d.a(effect.o)
                0x00105d08                C3D_DepthMap
 .text.C3D_CullFace
                0x00105d48       0x1c C:/devkitPro/libctru/lib\libcitro3d.a(effect.o)
                0x00105d48                C3D_CullFace
 .text.C3D_StencilTest
                0x00105d64       0x40 C:/devkitPro/libctru/lib\libcitro3d.a(effect.o)
                0x00105d64                C3D_StencilTest
 .text.C3D_StencilOp
                0x00105da4       0x24 C:/devkitPro/libctru/lib\libcitro3d.a(effect.o)
                0x00105da4                C3D_StencilOp
 .text.C3D_BlendingColor
                0x00105dc8       0x1c C:/devkitPro/libctru/lib\libcitro3d.a(effect.o)
                0x00105dc8                C3D_BlendingColor
 .text.C3D_EarlyDepthTest
                0x00105de4       0x24 C:/devkitPro/libctru/lib\libcitro3d.a(effect.o)
                0x00105de4                C3D_EarlyDepthTest
 .text.C3D_DepthTest
                0x00105e08       0x2c C:/devkitPro/libctru/lib\libcitro3d.a(effect.o)
                0x00105e08                C3D_DepthTest
 .text.C3D_AlphaTest
                0x00105e34       0x2c C:/devkitPro/libctru/lib\libcitro3d.a(effect.o)
                0x00105e34                C3D_AlphaTest
 .text.C3D_AlphaBlend
                0x00105e60       0x50 C:/devkitPro/libctru/lib\libcitro3d.a(effect.o)
                0x00105e60                C3D_AlphaBlend
 .text.C3D_FragOpMode
                0x00105eb0       0x30 C:/devkitPro/libctru/lib\libcitro3d.a(effect.o)
                0x00105eb0                C3D_FragOpMode
 .text.C3D_FragOpShadow
                0x00105ee0       0x44 C:/devkitPro/libctru/lib\libcitro3d.a(effect.o)
                0x00105ee0                C3D_FragOpShadow
 .text.C3Di_EffectBind
                0x00105f24      0x1ac C:/devkitPro/libctru/lib\libcitro3d.a(effect.o)
                0x00105f24                C3Di_EffectBind
 .text.C3D_CalcColorBufSize
                0x001060d0       0x1c C:/devkitPro/libctru/lib\libcitro3d.a(framebuffer.o)
                0x001060d0                C3D_CalcColorBufSize
 .text.C3D_CalcDepthBufSize
                0x001060ec       0x1c C:/devkitPro/libctru/lib\libcitro3d.a(framebuffer.o)
                0x001060ec                C3D_CalcDepthBufSize
 .text.C3D_SetFrameBuf
                0x00106108       0x44 C:/devkitPro/libctru/lib\libcitro3d.a(framebuffer.o)
                0x00106108                C3D_SetFrameBuf
 .text.C3Di_FrameBufBind
                0x0010614c      0x16c C:/devkitPro/libctru/lib\libcitro3d.a(framebuffer.o)
                0x0010614c                C3Di_FrameBufBind
 .text.C3D_FrameBufClear
                0x001062b8       0xc8 C:/devkitPro/libctru/lib\libcitro3d.a(framebuffer.o)
                0x001062b8                C3D_FrameBufClear
 .text.C3D_FrameBufTransfer
                0x00106380       0x44 C:/devkitPro/libctru/lib\libcitro3d.a(framebuffer.o)
                0x00106380                C3D_FrameBufTransfer
 .text.C3D_ImmSendAttrib
                0x001063c4       0xa8 C:/devkitPro/libctru/lib\libcitro3d.a(immediate.o)
                0x001063c4                C3D_ImmSendAttrib
 .text.C3D_ProcTexInit
                0x0010646c       0x70 C:/devkitPro/libctru/lib\libcitro3d.a(proctex.o)
                0x0010646c                C3D_ProcTexInit
 .text.C3D_ProcTexBind
                0x001064dc       0x54 C:/devkitPro/libctru/lib\libcitro3d.a(proctex.o)
                0x001064dc                C3D_ProcTexBind
 .text.C3D_ProcTexLutBind
                0x00106530       0x5c C:/devkitPro/libctru/lib\libcitro3d.a(proctex.o)
                0x00106530                C3D_ProcTexLutBind
 .text.ProcTexLut_FromArray
                0x0010658c       0xa4 C:/devkitPro/libctru/lib\libcitro3d.a(proctex.o)
                0x0010658c                ProcTexLut_FromArray
 .text.C3Di_ProcTexUpdate
                0x00106630      0x178 C:/devkitPro/libctru/lib\libcitro3d.a(proctex.o)
                0x00106630                C3Di_ProcTexUpdate
 .text.C3Di_ProcTexDirty
                0x001067a8       0x68 C:/devkitPro/libctru/lib\libcitro3d.a(proctex.o)
                0x001067a8                C3Di_ProcTexDirty
 .text.onVBlank0
                0x00106810       0x4c C:/devkitPro/libctru/lib\libcitro3d.a(renderqueue.o)
 .text.onVBlank1
                0x0010685c       0x4c C:/devkitPro/libctru/lib\libcitro3d.a(renderqueue.o)
 .text.C3Di_RenderTargetDestroy
                0x001068a8       0x80 C:/devkitPro/libctru/lib\libcitro3d.a(renderqueue.o)
 .text.onQueueFinish
                0x00106928       0xf4 C:/devkitPro/libctru/lib\libcitro3d.a(renderqueue.o)
 .text.C3Di_RenderQueueEnableVBlank
                0x00106a1c       0x38 C:/devkitPro/libctru/lib\libcitro3d.a(renderqueue.o)
                0x00106a1c                C3Di_RenderQueueEnableVBlank
 .text.C3Di_RenderQueueDisableVBlank
                0x00106a54       0x30 C:/devkitPro/libctru/lib\libcitro3d.a(renderqueue.o)
                0x00106a54                C3Di_RenderQueueDisableVBlank
 .text.C3Di_RenderQueueInit
                0x00106a84       0x60 C:/devkitPro/libctru/lib\libcitro3d.a(renderqueue.o)
                0x00106a84                C3Di_RenderQueueInit
 .text.C3Di_RenderQueueExit
                0x00106ae4       0xb4 C:/devkitPro/libctru/lib\libcitro3d.a(renderqueue.o)
                0x00106ae4                C3Di_RenderQueueExit
 .text.C3Di_RenderQueueWaitDone
                0x00106b98       0x34 C:/devkitPro/libctru/lib\libcitro3d.a(renderqueue.o)
                0x00106b98                C3Di_RenderQueueWaitDone
 .text.C3D_FrameBegin
                0x00106bcc       0xe8 C:/devkitPro/libctru/lib\libcitro3d.a(renderqueue.o)
                0x00106bcc                C3D_FrameBegin
 .text.C3D_FrameDrawOn
                0x00106cb4       0x48 C:/devkitPro/libctru/lib\libcitro3d.a(renderqueue.o)
                0x00106cb4                C3D_FrameDrawOn
 .text.C3D_FrameSplit
                0x00106cfc       0x58 C:/devkitPro/libctru/lib\libcitro3d.a(renderqueue.o)
                0x00106cfc                C3D_FrameSplit
 .text.C3D_FrameEnd
                0x00106d54      0x1d0 C:/devkitPro/libctru/lib\libcitro3d.a(renderqueue.o)
                0x00106d54                C3D_FrameEnd
 .text.C3D_FrameEndHook
                0x00106f24       0x1c C:/devkitPro/libctru/lib\libcitro3d.a(renderqueue.o)
                0x00106f24                C3D_FrameEndHook
 .text.C3D_RenderTargetCreate
                0x00106f40      0x170 C:/devkitPro/libctru/lib\libcitro3d.a(renderqueue.o)
                0x00106f40                C3D_RenderTargetCreate
 .text.C3D_RenderTargetSetOutput
                0x001070b0       0xa8 C:/devkitPro/libctru/lib\libcitro3d.a(renderqueue.o)
                0x001070b0                C3D_RenderTargetSetOutput
 .text.C3D_GetTexEnv
                0x00107158       0x34 C:/devkitPro/libctru/lib\libcitro3d.a(texenv.o)
                0x00107158                C3D_GetTexEnv
 .text.C3Di_TexEnvBind
                0x0010718c       0x24 C:/devkitPro/libctru/lib\libcitro3d.a(texenv.o)
                0x0010718c                C3Di_TexEnvBind
 .text.C3D_TexBind
                0x001071b0       0x44 C:/devkitPro/libctru/lib\libcitro3d.a(texture.o)
                0x001071b0                C3D_TexBind
 .text.C3Di_SetTex
                0x001071f4      0x14c C:/devkitPro/libctru/lib\libcitro3d.a(texture.o)
                0x001071f4                C3Di_SetTex
 .text.C3D_UpdateUniforms
                0x00107340      0x290 C:/devkitPro/libctru/lib\libcitro3d.a(uniforms.o)
                0x00107340                C3D_UpdateUniforms
 .text.C3Di_DirtyUniforms
                0x001075d0       0xc0 C:/devkitPro/libctru/lib\libcitro3d.a(uniforms.o)
                0x001075d0                C3Di_DirtyUniforms
 .text.C3Di_LoadShaderUniforms
                0x00107690       0xd8 C:/devkitPro/libctru/lib\libcitro3d.a(uniforms.o)
                0x00107690                C3Di_LoadShaderUniforms
 .text.C3Di_ClearShaderUniforms
                0x00107768       0x28 C:/devkitPro/libctru/lib\libcitro3d.a(uniforms.o)
                0x00107768                C3Di_ClearShaderUniforms
 .text.Mtx_Ortho
                0x00107790       0xcc C:/devkitPro/libctru/lib\libcitro3d.a(mtx_ortho.o)
                0x00107790                Mtx_Ortho
 .text.Mtx_OrthoTilt
                0x0010785c       0xcc C:/devkitPro/libctru/lib\libcitro3d.a(mtx_orthotilt.o)
                0x0010785c                Mtx_OrthoTilt
 .text._ZL21addrMapNodeComparatorPK11rbtree_nodeS1_
                0x00107928       0x24 C:/devkitPro/libctru/lib\libctru.a(linear.o)
 .text._ZL21addrMapNodeDestructorP11rbtree_node
                0x0010794c        0x4 C:/devkitPro/libctru/lib\libctru.a(linear.o)
 .text.linearMemAlign
                0x00107950      0x12c C:/devkitPro/libctru/lib\libctru.a(linear.o)
                0x00107950                linearMemAlign
 .text.linearAlloc
                0x00107a7c        0x8 C:/devkitPro/libctru/lib\libctru.a(linear.o)
                0x00107a7c                linearAlloc
 .text.linearFree
                0x00107a84       0x5c C:/devkitPro/libctru/lib\libctru.a(linear.o)
                0x00107a84                linearFree
 .text._ZN7MemPool13CoalesceRightEP8MemBlock
                0x00107ae0       0x88 C:/devkitPro/libctru/lib\libctru.a(mem_pool.o)
                0x00107ae0                MemPool::CoalesceRight(MemBlock*)
 .text._ZN7MemPool8AllocateER8MemChunkmi
                0x00107b68      0x178 C:/devkitPro/libctru/lib\libctru.a(mem_pool.o)
                0x00107b68                MemPool::Allocate(MemChunk&, unsigned long, int)
 .text._ZN7MemPool10DeallocateERK8MemChunk
                0x00107ce0      0x118 C:/devkitPro/libctru/lib\libctru.a(mem_pool.o)
                0x00107ce0                MemPool::Deallocate(MemChunk const&)
 .text._ZN7MemPool12GetFreeSpaceEv
                0x00107df8       0x30 C:/devkitPro/libctru/lib\libctru.a(mem_pool.o)
                0x00107df8                MemPool::GetFreeSpace()
 .text._ZL21addrMapNodeComparatorPK11rbtree_nodeS1_
                0x00107e28       0x24 C:/devkitPro/libctru/lib\libctru.a(vram.o)
 .text._ZL21addrMapNodeDestructorP11rbtree_node
                0x00107e4c        0x4 C:/devkitPro/libctru/lib\libctru.a(vram.o)
 .text.vramMemAlignAt
                0x00107e50      0x248 C:/devkitPro/libctru/lib\libctru.a(vram.o)
                0x00107e50                vramMemAlignAt
 .text.vramAlloc
                0x00108098        0xc C:/devkitPro/libctru/lib\libctru.a(vram.o)
                0x00108098                vramAlloc
 .text.vramAllocAt
                0x001080a4        0xc C:/devkitPro/libctru/lib\libctru.a(vram.o)
                0x001080a4                vramAllocAt
 .text.vramFree
                0x001080b0       0x94 C:/devkitPro/libctru/lib\libctru.a(vram.o)
                0x001080b0                vramFree
 .text.consoleDrawChar
                0x00108144      0x1c8 C:/devkitPro/libctru/lib\libctru.a(console.o)
                0x00108144                consoleDrawChar
 .text.consolePrintChar
                0x0010830c      0x170 C:/devkitPro/libctru/lib\libctru.a(console.o)
                0x0010830c                consolePrintChar
 .text.con_write
                0x0010847c      0xcc8 C:/devkitPro/libctru/lib\libctru.a(console.o)
                0x0010847c                con_write
 .text.newRow   0x00109144       0xfc C:/devkitPro/libctru/lib\libctru.a(console.o)
 .text.consoleInit
                0x00109240      0x180 C:/devkitPro/libctru/lib\libctru.a(console.o)
                0x00109240                consoleInit
 .text.consoleClear
                0x001093c0       0xb8 C:/devkitPro/libctru/lib\libctru.a(console.o)
                0x001093c0                consoleClear
 .text.fontEnsureMapped
                0x00109478       0x9c C:/devkitPro/libctru/lib\libctru.a(font.o)
                0x00109478                fontEnsureMapped
 .text.fontGlyphIndexFromCodePoint
                0x00109514      0x100 C:/devkitPro/libctru/lib\libctru.a(font.o)
                0x00109514                fontGlyphIndexFromCodePoint
 .text.fontCalcGlyphPos
                0x00109614      0x214 C:/devkitPro/libctru/lib\libctru.a(font.o)
                0x00109614                fontCalcGlyphPos
 .text.gfxPresentFramebuffer
                0x00109828       0xcc C:/devkitPro/libctru/lib\libctru.a(gfx.o)
 .text.gfxIsWide
                0x001098f4       0x1c C:/devkitPro/libctru/lib\libctru.a(gfx.o)
                0x001098f4                gfxIsWide
 .text.gfxSetScreenFormat
                0x00109910       0xf8 C:/devkitPro/libctru/lib\libctru.a(gfx.o)
                0x00109910                gfxSetScreenFormat
 .text.gfxSetDoubleBuffering
                0x00109a08       0x10 C:/devkitPro/libctru/lib\libctru.a(gfx.o)
                0x00109a08                gfxSetDoubleBuffering
 .text.gfxInit  0x00109a18       0xd8 C:/devkitPro/libctru/lib\libctru.a(gfx.o)
                0x00109a18                gfxInit
 .text.gfxInitDefault
                0x00109af0       0x10 C:/devkitPro/libctru/lib\libctru.a(gfx.o)
                0x00109af0                gfxInitDefault
 .text.gfxExit  0x00109b00       0xb8 C:/devkitPro/libctru/lib\libctru.a(gfx.o)
                0x00109b00                gfxExit
 .text.gfxGetFramebuffer
                0x00109bb8       0xa0 C:/devkitPro/libctru/lib\libctru.a(gfx.o)
                0x00109bb8                gfxGetFramebuffer
 .text.gfxFlushBuffers
                0x00109c58      0x100 C:/devkitPro/libctru/lib\libctru.a(gfx.o)
                0x00109c58                gfxFlushBuffers
 .text.gfxScreenSwapBuffers
                0x00109d58       0x28 C:/devkitPro/libctru/lib\libctru.a(gfx.o)
                0x00109d58                gfxScreenSwapBuffers
 .text.gfxSwapBuffers
                0x00109d80       0x50 C:/devkitPro/libctru/lib\libctru.a(gfx.o)
                0x00109d80                gfxSwapBuffers
 .text.gfxSwapBuffersGpu
                0x00109dd0       0x50 C:/devkitPro/libctru/lib\libctru.a(gfx.o)
                0x00109dd0                gfxSwapBuffersGpu
 .text.osConvertVirtToPhys
                0x00109e20       0x74 C:/devkitPro/libctru/lib\libctru.a(os.o)
                0x00109e20                osConvertVirtToPhys
 .text.osGetTimeRef
                0x00109e94       0x54 C:/devkitPro/libctru/lib\libctru.a(os.o)
                0x00109e94                osGetTimeRef
 .text.osGetTime
                0x00109ee8       0xec C:/devkitPro/libctru/lib\libctru.a(os.o)
                0x00109ee8                osGetTime
 .text.__ctru_speedup_config
                0x00109fd4       0x34 C:/devkitPro/libctru/lib\libctru.a(os.o)
                0x00109fd4                __ctru_speedup_config
 .text.romfs_close
                0x0010a008        0x8 C:/devkitPro/libctru/lib\libctru.a(romfs_dev.o)
 .text.romfs_seek
                0x0010a010       0xac C:/devkitPro/libctru/lib\libctru.a(romfs_dev.o)
 .text.romfs_dirreset
                0x0010a0bc       0x24 C:/devkitPro/libctru/lib\libctru.a(romfs_dev.o)
 .text.fill_dir
                0x0010a0e0       0xc0 C:/devkitPro/libctru/lib\libctru.a(romfs_dev.o)
 .text.romfs_dirnext
                0x0010a1a0      0x2ac C:/devkitPro/libctru/lib\libctru.a(romfs_dev.o)
 .text.romfs_free
                0x0010a44c       0x74 C:/devkitPro/libctru/lib\libctru.a(romfs_dev.o)
 .text.searchForFile.constprop.0
                0x0010a4c0       0xd0 C:/devkitPro/libctru/lib\libctru.a(romfs_dev.o)
 .text.searchForDir.constprop.0
                0x0010a590       0xd4 C:/devkitPro/libctru/lib\libctru.a(romfs_dev.o)
 .text.navigateToDir.constprop.0
                0x0010a664      0x1c0 C:/devkitPro/libctru/lib\libctru.a(romfs_dev.o)
 .text.romfs_open
                0x0010a824      0x114 C:/devkitPro/libctru/lib\libctru.a(romfs_dev.o)
 .text.romfs_chdir
                0x0010a938       0x4c C:/devkitPro/libctru/lib\libctru.a(romfs_dev.o)
 .text.romfs_diropen
                0x0010a984       0x68 C:/devkitPro/libctru/lib\libctru.a(romfs_dev.o)
 .text.romfs_stat
                0x0010a9ec      0x178 C:/devkitPro/libctru/lib\libctru.a(romfs_dev.o)
 .text.romfs_dirclose
                0x0010ab64        0x8 C:/devkitPro/libctru/lib\libctru.a(romfs_dev.o)
 *fill*         0x0010ab6c        0x4 
 .text.romfs_fstat
                0x0010ab70       0x7c C:/devkitPro/libctru/lib\libctru.a(romfs_dev.o)
 .text.romfs_read
                0x0010abec       0xd0 C:/devkitPro/libctru/lib\libctru.a(romfs_dev.o)
 .text.romfsMountFromFile
                0x0010acbc      0x294 C:/devkitPro/libctru/lib\libctru.a(romfs_dev.o)
                0x0010acbc                romfsMountFromFile
 .text.romfsMountFromCurrentProcess
                0x0010af50       0x98 C:/devkitPro/libctru/lib\libctru.a(romfs_dev.o)
                0x0010af50                romfsMountFromCurrentProcess
 .text.romfsMountSelf
                0x0010afe8      0x258 C:/devkitPro/libctru/lib\libctru.a(romfs_dev.o)
                0x0010afe8                romfsMountSelf
 .text.romfsUnmount
                0x0010b240       0xa0 C:/devkitPro/libctru/lib\libctru.a(romfs_dev.o)
                0x0010b240                romfsUnmount
 .text.GPUCMD_Add
                0x0010b2e0      0x13c C:/devkitPro/libctru/lib\libctru.a(gpu.o)
                0x0010b2e0                GPUCMD_Add
 .text.GPUCMD_Split
                0x0010b41c       0xb0 C:/devkitPro/libctru/lib\libctru.a(gpu.o)
                0x0010b41c                GPUCMD_Split
 .text.f32tof16
                0x0010b4cc       0x34 C:/devkitPro/libctru/lib\libctru.a(gpu.o)
                0x0010b4cc                f32tof16
 .text.f32tof24
                0x0010b500       0x34 C:/devkitPro/libctru/lib\libctru.a(gpu.o)
                0x0010b500                f32tof24
 .text.f32tof31
                0x0010b534       0x38 C:/devkitPro/libctru/lib\libctru.a(gpu.o)
                0x0010b534                f32tof31
 .text.GX_BindQueue
                0x0010b56c       0x10 C:/devkitPro/libctru/lib\libctru.a(gx.o)
                0x0010b56c                GX_BindQueue
 .text.GX_ProcessCommandList
                0x0010b57c       0x7c C:/devkitPro/libctru/lib\libctru.a(gx.o)
                0x0010b57c                GX_ProcessCommandList
 .text.GX_MemoryFill
                0x0010b5f8       0x74 C:/devkitPro/libctru/lib\libctru.a(gx.o)
                0x0010b5f8                GX_MemoryFill
 .text.GX_DisplayTransfer
                0x0010b66c       0x74 C:/devkitPro/libctru/lib\libctru.a(gx.o)
                0x0010b66c                GX_DisplayTransfer
 .text.gxCmdQueueDoCommands.part.0
                0x0010b6e0       0x64 C:/devkitPro/libctru/lib\libctru.a(gxqueue.o)
 .text.gxCmdQueueInterrupt
                0x0010b744       0xe4 C:/devkitPro/libctru/lib\libctru.a(gxqueue.o)
                0x0010b744                gxCmdQueueInterrupt
 .text.gxCmdQueueClear
                0x0010b828       0x68 C:/devkitPro/libctru/lib\libctru.a(gxqueue.o)
                0x0010b828                gxCmdQueueClear
 .text.gxCmdQueueAdd
                0x0010b890      0x108 C:/devkitPro/libctru/lib\libctru.a(gxqueue.o)
                0x0010b890                gxCmdQueueAdd
 .text.gxCmdQueueRun
                0x0010b998       0x80 C:/devkitPro/libctru/lib\libctru.a(gxqueue.o)
                0x0010b998                gxCmdQueueRun
 .text.gxCmdQueueStop
                0x0010ba18       0x64 C:/devkitPro/libctru/lib\libctru.a(gxqueue.o)
                0x0010ba18                gxCmdQueueStop
 .text.gxCmdQueueWait
                0x0010ba7c       0xac C:/devkitPro/libctru/lib\libctru.a(gxqueue.o)
                0x0010ba7c                gxCmdQueueWait
 .text.shaderInstanceInit
                0x0010bb28      0x1e0 C:/devkitPro/libctru/lib\libctru.a(shaderProgram.o)
                0x0010bb28                shaderInstanceInit
 .text.shaderInstanceGetUniformLocation
                0x0010bd08       0x18 C:/devkitPro/libctru/lib\libctru.a(shaderProgram.o)
                0x0010bd08                shaderInstanceGetUniformLocation
 .text.shaderProgramInit
                0x0010bd20       0x1c C:/devkitPro/libctru/lib\libctru.a(shaderProgram.o)
                0x0010bd20                shaderProgramInit
 .text.shaderProgramFree
                0x0010bd3c       0x74 C:/devkitPro/libctru/lib\libctru.a(shaderProgram.o)
                0x0010bd3c                shaderProgramFree
 .text.shaderProgramSetVsh
                0x0010bdb0       0x94 C:/devkitPro/libctru/lib\libctru.a(shaderProgram.o)
                0x0010bdb0                shaderProgramSetVsh
 .text.shaderProgramConfigure
                0x0010be44      0x8d0 C:/devkitPro/libctru/lib\libctru.a(shaderProgram.o)
                0x0010be44                shaderProgramConfigure
 .text.DVLE_GenerateOutmap.part.0
                0x0010c714      0x1dc C:/devkitPro/libctru/lib\libctru.a(shbin.o)
 .text.DVLB_ParseFile
                0x0010c8f0      0x1ac C:/devkitPro/libctru/lib\libctru.a(shbin.o)
                0x0010c8f0                DVLB_ParseFile
 .text.DVLB_Free
                0x0010ca9c       0x50 C:/devkitPro/libctru/lib\libctru.a(shbin.o)
                0x0010ca9c                DVLB_Free
 .text.DVLE_GetUniformRegister
                0x0010caec       0x74 C:/devkitPro/libctru/lib\libctru.a(shbin.o)
                0x0010caec                DVLE_GetUniformRegister
 .text.aptConvertScreenForCapture
                0x0010cb60      0x180 C:/devkitPro/libctru/lib\libctru.a(apt.o)
 .text.aptDspSleep
                0x0010cce0        0x8 C:/devkitPro/libctru/lib\libctru.a(apt.o)
                0x0010cce0                aptDspSleep
 .text.aptDspWakeup
                0x0010cce8        0x4 C:/devkitPro/libctru/lib\libctru.a(apt.o)
                0x0010cce8                aptDspWakeup
 .text.aptDspCancel
                0x0010ccec        0x4 C:/devkitPro/libctru/lib\libctru.a(apt.o)
                0x0010ccec                aptDspCancel
 .text.aptSendCommand
                0x0010ccf0      0x138 C:/devkitPro/libctru/lib\libctru.a(apt.o)
                0x0010ccf0                aptSendCommand
 .text.aptExitProcess
                0x0010ce28       0x44 C:/devkitPro/libctru/lib\libctru.a(apt.o)
 .text.aptExit  0x0010ce6c      0x394 C:/devkitPro/libctru/lib\libctru.a(apt.o)
                0x0010ce6c                aptExit
 .text.aptHandleSleep
                0x0010d200       0xd8 C:/devkitPro/libctru/lib\libctru.a(apt.o)
                0x0010d200                aptHandleSleep
 .text.aptHook  0x0010d2d8       0x34 C:/devkitPro/libctru/lib\libctru.a(apt.o)
                0x0010d2d8                aptHook
 .text.aptUnhook
                0x0010d30c       0x30 C:/devkitPro/libctru/lib\libctru.a(apt.o)
                0x0010d30c                aptUnhook
 .text.APT_SleepIfShellClosed
                0x0010d33c       0x84 C:/devkitPro/libctru/lib\libctru.a(apt.o)
                0x0010d33c                APT_SleepIfShellClosed
 .text.aptSetSleepAllowed
                0x0010d3c0       0x78 C:/devkitPro/libctru/lib\libctru.a(apt.o)
                0x0010d3c0                aptSetSleepAllowed
 .text.APT_UnlockTransition
                0x0010d438       0x84 C:/devkitPro/libctru/lib\libctru.a(apt.o)
                0x0010d438                APT_UnlockTransition
 *fill*         0x0010d4bc        0x4 
 .text.aptEventHandler
                0x0010d4c0      0x470 C:/devkitPro/libctru/lib\libctru.a(apt.o)
 .text.APT_ReceiveParameter
                0x0010d930       0xbc C:/devkitPro/libctru/lib\libctru.a(apt.o)
                0x0010d930                APT_ReceiveParameter
 .text.aptReceiveParameter.constprop.0
                0x0010d9ec       0xb0 C:/devkitPro/libctru/lib\libctru.a(apt.o)
 *fill*         0x0010da9c        0x4 
 .text.aptScreenTransfer
                0x0010daa0      0x294 C:/devkitPro/libctru/lib\libctru.a(apt.o)
 .text.aptWaitForWakeUp.isra.0
                0x0010dd34      0x2d0 C:/devkitPro/libctru/lib\libctru.a(apt.o)
 .text.aptJumpToHomeMenu
                0x0010e004       0xf4 C:/devkitPro/libctru/lib\libctru.a(apt.o)
                0x0010e004                aptJumpToHomeMenu
 .text.aptMainLoop
                0x0010e0f8       0x58 C:/devkitPro/libctru/lib\libctru.a(apt.o)
                0x0010e0f8                aptMainLoop
 .text.aptInit  0x0010e150      0x240 C:/devkitPro/libctru/lib\libctru.a(apt.o)
                0x0010e150                aptInit
 .text.APT_CheckNew3DS
                0x0010e390       0x90 C:/devkitPro/libctru/lib\libctru.a(apt.o)
                0x0010e390                APT_CheckNew3DS
 .text.APT_GetSharedFont
                0x0010e420       0x48 C:/devkitPro/libctru/lib\libctru.a(apt.o)
                0x0010e420                APT_GetSharedFont
 .text.fsInit   0x0010e468      0x104 C:/devkitPro/libctru/lib\libctru.a(fs.o)
                0x0010e468                fsInit
 .text.fsExit   0x0010e56c       0x3c C:/devkitPro/libctru/lib\libctru.a(fs.o)
                0x0010e56c                fsExit
 .text.fsExemptFromSession
                0x0010e5a8       0x68 C:/devkitPro/libctru/lib\libctru.a(fs.o)
                0x0010e5a8                fsExemptFromSession
 .text.fsUnexemptFromSession
                0x0010e610       0x50 C:/devkitPro/libctru/lib\libctru.a(fs.o)
                0x0010e610                fsUnexemptFromSession
 .text.FSUSER_OpenFile
                0x0010e660       0xcc C:/devkitPro/libctru/lib\libctru.a(fs.o)
                0x0010e660                FSUSER_OpenFile
 .text.FSUSER_OpenFileDirectly
                0x0010e72c       0xcc C:/devkitPro/libctru/lib\libctru.a(fs.o)
                0x0010e72c                FSUSER_OpenFileDirectly
 .text.FSUSER_DeleteFile
                0x0010e7f8       0xb8 C:/devkitPro/libctru/lib\libctru.a(fs.o)
                0x0010e7f8                FSUSER_DeleteFile
 .text.FSUSER_RenameFile
                0x0010e8b0       0xf4 C:/devkitPro/libctru/lib\libctru.a(fs.o)
                0x0010e8b0                FSUSER_RenameFile
 .text.FSUSER_DeleteDirectory
                0x0010e9a4       0xb8 C:/devkitPro/libctru/lib\libctru.a(fs.o)
                0x0010e9a4                FSUSER_DeleteDirectory
 .text.FSUSER_CreateFile
                0x0010ea5c       0xd0 C:/devkitPro/libctru/lib\libctru.a(fs.o)
                0x0010ea5c                FSUSER_CreateFile
 .text.FSUSER_CreateDirectory
                0x0010eb2c       0xc0 C:/devkitPro/libctru/lib\libctru.a(fs.o)
                0x0010eb2c                FSUSER_CreateDirectory
 .text.FSUSER_RenameDirectory
                0x0010ebec       0xf4 C:/devkitPro/libctru/lib\libctru.a(fs.o)
                0x0010ebec                FSUSER_RenameDirectory
 .text.FSUSER_OpenDirectory
                0x0010ece0       0xb4 C:/devkitPro/libctru/lib\libctru.a(fs.o)
                0x0010ece0                FSUSER_OpenDirectory
 .text.FSUSER_OpenArchive
                0x0010ed94       0x90 C:/devkitPro/libctru/lib\libctru.a(fs.o)
                0x0010ed94                FSUSER_OpenArchive
 .text.FSUSER_CloseArchive
                0x0010ee24       0x8c C:/devkitPro/libctru/lib\libctru.a(fs.o)
                0x0010ee24                FSUSER_CloseArchive
 .text.FSUSER_GetSdmcArchiveResource
                0x0010eeb0       0x74 C:/devkitPro/libctru/lib\libctru.a(fs.o)
                0x0010eeb0                FSUSER_GetSdmcArchiveResource
 .text.FSUSER_IsSdmcWritable
                0x0010ef24       0x64 C:/devkitPro/libctru/lib\libctru.a(fs.o)
                0x0010ef24                FSUSER_IsSdmcWritable
 .text.FSFILE_Read
                0x0010ef88       0x64 C:/devkitPro/libctru/lib\libctru.a(fs.o)
                0x0010ef88                FSFILE_Read
 .text.FSFILE_Write
                0x0010efec       0x6c C:/devkitPro/libctru/lib\libctru.a(fs.o)
                0x0010efec                FSFILE_Write
 .text.FSFILE_GetSize
                0x0010f058       0x44 C:/devkitPro/libctru/lib\libctru.a(fs.o)
                0x0010f058                FSFILE_GetSize
 .text.FSFILE_SetSize
                0x0010f09c       0x28 C:/devkitPro/libctru/lib\libctru.a(fs.o)
                0x0010f09c                FSFILE_SetSize
 .text.FSFILE_Close
                0x0010f0c4       0x3c C:/devkitPro/libctru/lib\libctru.a(fs.o)
                0x0010f0c4                FSFILE_Close
 .text.FSFILE_Flush
                0x0010f100       0x24 C:/devkitPro/libctru/lib\libctru.a(fs.o)
                0x0010f100                FSFILE_Flush
 .text.FSDIR_Read
                0x0010f124       0x60 C:/devkitPro/libctru/lib\libctru.a(fs.o)
                0x0010f124                FSDIR_Read
 .text.FSDIR_Close
                0x0010f184       0x3c C:/devkitPro/libctru/lib\libctru.a(fs.o)
                0x0010f184                FSDIR_Close
 .text.gspHardwareInit
                0x0010f1c0      0xc70 C:/devkitPro/libctru/lib\libctru.a(gspgpu.o)
 .text.gspInit  0x0010fe30      0x288 C:/devkitPro/libctru/lib\libctru.a(gspgpu.o)
                0x0010fe30                gspInit
 .text.gspExit  0x001100b8      0x104 C:/devkitPro/libctru/lib\libctru.a(gspgpu.o)
                0x001100b8                gspExit
 .text.gspHasGpuRight
                0x001101bc       0x10 C:/devkitPro/libctru/lib\libctru.a(gspgpu.o)
                0x001101bc                gspHasGpuRight
 .text.gspPresentBuffer
                0x001101cc       0xa4 C:/devkitPro/libctru/lib\libctru.a(gspgpu.o)
                0x001101cc                gspPresentBuffer
 .text.gspSetEventCallback
                0x00110270       0x30 C:/devkitPro/libctru/lib\libctru.a(gspgpu.o)
                0x00110270                gspSetEventCallback
 .text.gspWaitForEvent
                0x001102a0       0x50 C:/devkitPro/libctru/lib\libctru.a(gspgpu.o)
                0x001102a0                gspWaitForEvent
 .text.gspWaitForAnyEvent
                0x001102f0       0x4c C:/devkitPro/libctru/lib\libctru.a(gspgpu.o)
                0x001102f0                gspWaitForAnyEvent
 .text.gspEventThreadMain
                0x0011033c      0x154 C:/devkitPro/libctru/lib\libctru.a(gspgpu.o)
 .text.gspSubmitGxCommand
                0x00110490      0x12c C:/devkitPro/libctru/lib\libctru.a(gspgpu.o)
                0x00110490                gspSubmitGxCommand
 .text.GSPGPU_FlushDataCache
                0x001105bc       0x50 C:/devkitPro/libctru/lib\libctru.a(gspgpu.o)
                0x001105bc                GSPGPU_FlushDataCache
 .text.GSPGPU_SetLcdForceBlack
                0x0011060c       0x34 C:/devkitPro/libctru/lib\libctru.a(gspgpu.o)
                0x0011060c                GSPGPU_SetLcdForceBlack
 .text.GSPGPU_AcquireRight
                0x00110640       0x84 C:/devkitPro/libctru/lib\libctru.a(gspgpu.o)
                0x00110640                GSPGPU_AcquireRight
 .text.GSPGPU_ReleaseRight
                0x001106c4       0x64 C:/devkitPro/libctru/lib\libctru.a(gspgpu.o)
                0x001106c4                GSPGPU_ReleaseRight
 .text.GSPGPU_ImportDisplayCaptureInfo
                0x00110728       0x7c C:/devkitPro/libctru/lib\libctru.a(gspgpu.o)
                0x00110728                GSPGPU_ImportDisplayCaptureInfo
 .text.GSPGPU_SaveVramSysArea
                0x001107a4       0x2c C:/devkitPro/libctru/lib\libctru.a(gspgpu.o)
                0x001107a4                GSPGPU_SaveVramSysArea
 .text.GSPGPU_RestoreVramSysArea
                0x001107d0       0x2c C:/devkitPro/libctru/lib\libctru.a(gspgpu.o)
                0x001107d0                GSPGPU_RestoreVramSysArea
 .text.hidShouldUseIrrst
                0x001107fc       0x24 C:/devkitPro/libctru/lib\libctru.a(hid.o)
                0x001107fc                hidShouldUseIrrst
 .text.hidInit  0x00110820      0x1cc C:/devkitPro/libctru/lib\libctru.a(hid.o)
                0x00110820                hidInit
 .text.hidExit  0x001109ec       0xe8 C:/devkitPro/libctru/lib\libctru.a(hid.o)
                0x001109ec                hidExit
 .text.hidScanInput
                0x00110ad4      0x2a0 C:/devkitPro/libctru/lib\libctru.a(hid.o)
                0x00110ad4                hidScanInput
 .text.hidKeysDown
                0x00110d74       0x10 C:/devkitPro/libctru/lib\libctru.a(hid.o)
                0x00110d74                hidKeysDown
 .text.hidTouchRead
                0x00110d84       0x18 C:/devkitPro/libctru/lib\libctru.a(hid.o)
                0x00110d84                hidTouchRead
 .text.irrstInit
                0x00110d9c      0x1a4 C:/devkitPro/libctru/lib\libctru.a(irrst.o)
                0x00110d9c                irrstInit
 .text.irrstExit
                0x00110f40       0xdc C:/devkitPro/libctru/lib\libctru.a(irrst.o)
                0x00110f40                irrstExit
 .text.irrstScanInput
                0x0011101c       0xb4 C:/devkitPro/libctru/lib\libctru.a(irrst.o)
                0x0011101c                irrstScanInput
 .text.irrstKeysHeld
                0x001110d0       0x24 C:/devkitPro/libctru/lib\libctru.a(irrst.o)
                0x001110d0                irrstKeysHeld
 .text.ptmSysmInit
                0x001110f4       0x78 C:/devkitPro/libctru/lib\libctru.a(ptmsysm.o)
                0x001110f4                ptmSysmInit
 .text.ptmSysmExit
                0x0011116c       0x3c C:/devkitPro/libctru/lib\libctru.a(ptmsysm.o)
                0x0011116c                ptmSysmExit
 .text.PTMSYSM_ConfigureNew3DSCPU
                0x001111a8       0x34 C:/devkitPro/libctru/lib\libctru.a(ptmsysm.o)
                0x001111a8                PTMSYSM_ConfigureNew3DSCPU
 .text.rbtree_find
                0x001111dc       0x74 C:/devkitPro/libctru/lib\libctru.a(rbtree_find.o)
                0x001111dc                rbtree_find
 .text.rbtree_init
                0x00111250       0x10 C:/devkitPro/libctru/lib\libctru.a(rbtree_init.o)
                0x00111250                rbtree_init
 .text.do_insert
                0x00111260      0x198 C:/devkitPro/libctru/lib\libctru.a(rbtree_insert.o)
 .text.rbtree_insert
                0x001113f8        0x8 C:/devkitPro/libctru/lib\libctru.a(rbtree_insert.o)
                0x001113f8                rbtree_insert
 .text.rbtree_remove
                0x00111400      0x310 C:/devkitPro/libctru/lib\libctru.a(rbtree_remove.o)
                0x00111400                rbtree_remove
 .text.rbtree_rotate
                0x00111710       0x90 C:/devkitPro/libctru/lib\libctru.a(rbtree_rotate.o)
                0x00111710                rbtree_rotate
 .text.decode_utf8
                0x001117a0      0x140 C:/devkitPro/libctru/lib\libctru.a(decode_utf8.o)
                0x001117a0                decode_utf8
 .text.utf16_to_utf8
                0x001118e0       0xe8 C:/devkitPro/libctru/lib\libctru.a(utf16_to_utf8.o)
                0x001118e0                utf16_to_utf8
 .text.utf8_to_utf16
                0x001119c8       0xc0 C:/devkitPro/libctru/lib\libctru.a(utf8_to_utf16.o)
                0x001119c8                utf8_to_utf16
 .text.__system_allocateHeaps
                0x00111a88      0x1e8 C:/devkitPro/libctru/lib\libctru.a(allocateHeaps.o)
                0x00111a88                __system_allocateHeaps
 .text.__libctru_init
                0x00111c70       0x38 C:/devkitPro/libctru/lib\libctru.a(ctru_init.o)
                0x00111c70                __libctru_init
 .text.__system_initArgv
                0x00111ca8      0x16c C:/devkitPro/libctru/lib\libctru.a(initArgv.o)
                0x00111ca8                __system_initArgv
 .text.__syscall_getreent
                0x00111e14       0x30 C:/devkitPro/libctru/lib\libctru.a(syscalls.o)
                0x00111e14                __syscall_getreent
 .text.__syscall_gettod_r
                0x00111e44       0x64 C:/devkitPro/libctru/lib\libctru.a(syscalls.o)
                0x00111e44                __syscall_gettod_r
 .text.__syscall_lock_acquire
                0x00111ea8        0x4 C:/devkitPro/libctru/lib\libctru.a(syscalls.o)
                0x00111ea8                __syscall_lock_acquire
 .text.__syscall_lock_release
                0x00111eac        0x4 C:/devkitPro/libctru/lib\libctru.a(syscalls.o)
                0x00111eac                __syscall_lock_release
 .text.__syscall_lock_acquire_recursive
                0x00111eb0        0x4 C:/devkitPro/libctru/lib\libctru.a(syscalls.o)
                0x00111eb0                __syscall_lock_acquire_recursive
 .text.__syscall_lock_release_recursive
                0x00111eb4        0x4 C:/devkitPro/libctru/lib\libctru.a(syscalls.o)
                0x00111eb4                __syscall_lock_release_recursive
 .text.__syscall_exit
                0x00111eb8        0x4 C:/devkitPro/libctru/lib\libctru.a(syscalls.o)
                0x00111eb8                __syscall_exit
 .text.initThreadVars
                0x00111ebc       0x54 C:/devkitPro/libctru/lib\libctru.a(syscalls.o)
                0x00111ebc                initThreadVars
 .text.__system_initSyscalls
                0x00111f10       0x80 C:/devkitPro/libctru/lib\libctru.a(syscalls.o)
                0x00111f10                __system_initSyscalls
 .text.svcControlMemory
                0x00111f90       0x20 C:/devkitPro/libctru/lib\libctru.a(svc.o)
                0x00111f90                svcControlMemory
 .text.svcQueryMemory
                0x00111fb0       0x30 C:/devkitPro/libctru/lib\libctru.a(svc.o)
                0x00111fb0                svcQueryMemory
 .text.svcExitProcess
                0x00111fe0        0x8 C:/devkitPro/libctru/lib\libctru.a(svc.o)
                0x00111fe0                svcExitProcess
 .text.svcCreateThread
                0x00111fe8       0x20 C:/devkitPro/libctru/lib\libctru.a(svc.o)
                0x00111fe8                svcCreateThread
 .text.svcExitThread
                0x00112008        0x8 C:/devkitPro/libctru/lib\libctru.a(svc.o)
                0x00112008                svcExitThread
 .text.svcSleepThread
                0x00112010        0x8 C:/devkitPro/libctru/lib\libctru.a(svc.o)
                0x00112010                svcSleepThread
 .text.svcReleaseMutex
                0x00112018        0x8 C:/devkitPro/libctru/lib\libctru.a(svc.o)
                0x00112018                svcReleaseMutex
 .text.svcCreateEvent
                0x00112020       0x14 C:/devkitPro/libctru/lib\libctru.a(svc.o)
                0x00112020                svcCreateEvent
 .text.svcSignalEvent
                0x00112034        0x8 C:/devkitPro/libctru/lib\libctru.a(svc.o)
                0x00112034                svcSignalEvent
 .text.svcClearEvent
                0x0011203c        0x8 C:/devkitPro/libctru/lib\libctru.a(svc.o)
                0x0011203c                svcClearEvent
 .text.svcMapMemoryBlock
                0x00112044        0x8 C:/devkitPro/libctru/lib\libctru.a(svc.o)
                0x00112044                svcMapMemoryBlock
 .text.svcUnmapMemoryBlock
                0x0011204c        0x8 C:/devkitPro/libctru/lib\libctru.a(svc.o)
                0x0011204c                svcUnmapMemoryBlock
 .text.svcCreateAddressArbiter
                0x00112054       0x14 C:/devkitPro/libctru/lib\libctru.a(svc.o)
                0x00112054                svcCreateAddressArbiter
 .text.svcArbitrateAddressNoTimeout
                0x00112068        0x8 C:/devkitPro/libctru/lib\libctru.a(svc.o)
                0x00112068                svcArbitrateAddressNoTimeout
 .text.svcCloseHandle
                0x00112070        0x8 C:/devkitPro/libctru/lib\libctru.a(svc.o)
                0x00112070                svcCloseHandle
 .text.svcWaitSynchronization
                0x00112078        0x8 C:/devkitPro/libctru/lib\libctru.a(svc.o)
                0x00112078                svcWaitSynchronization
 .text.svcWaitSynchronizationN
                0x00112080       0x28 C:/devkitPro/libctru/lib\libctru.a(svc.o)
                0x00112080                svcWaitSynchronizationN
 .text.svcDuplicateHandle
                0x001120a8       0x14 C:/devkitPro/libctru/lib\libctru.a(svc.o)
                0x001120a8                svcDuplicateHandle
 .text.svcGetSystemTick
                0x001120bc        0x8 C:/devkitPro/libctru/lib\libctru.a(svc.o)
                0x001120bc                svcGetSystemTick
 .text.svcConnectToPort
                0x001120c4       0x14 C:/devkitPro/libctru/lib\libctru.a(svc.o)
                0x001120c4                svcConnectToPort
 .text.svcSendSyncRequest
                0x001120d8        0x8 C:/devkitPro/libctru/lib\libctru.a(svc.o)
                0x001120d8                svcSendSyncRequest
 .text.svcGetResourceLimit
                0x001120e0       0x14 C:/devkitPro/libctru/lib\libctru.a(svc.o)
                0x001120e0                svcGetResourceLimit
 .text.svcGetResourceLimitLimitValues
                0x001120f4        0x8 C:/devkitPro/libctru/lib\libctru.a(svc.o)
                0x001120f4                svcGetResourceLimitLimitValues
 .text.svcGetResourceLimitCurrentValues
                0x001120fc        0x8 C:/devkitPro/libctru/lib\libctru.a(svc.o)
                0x001120fc                svcGetResourceLimitCurrentValues
 .text.svcBreak
                0x00112104        0x8 C:/devkitPro/libctru/lib\libctru.a(svc.o)
                0x00112104                svcBreak
 .text.__aeabi_read_tp
                0x0011210c        0xc C:/devkitPro/libctru/lib\libctru.a(readtp.o)
                0x0011210c                __aeabi_read_tp
 .text.initSystem
                0x00112118       0x50 C:/devkitPro/libctru/lib\libctru.a(stack_adjust.o)
                0x00112118                initSystem
 .text.__ctru_exit
                0x00112168       0x14 C:/devkitPro/libctru/lib\libctru.a(stack_adjust.o)
                0x00112168                __ctru_exit
 .text.envGetHandle
                0x0011217c       0x8c C:/devkitPro/libctru/lib\libctru.a(env.o)
                0x0011217c                envGetHandle
 .text.envDestroyHandles
                0x00112208       0x50 C:/devkitPro/libctru/lib\libctru.a(env.o)
                0x00112208                envDestroyHandles
 .text.srvInit  0x00112258      0x164 C:/devkitPro/libctru/lib\libctru.a(srv.o)
                0x00112258                srvInit
 .text.srvExit  0x001123bc       0x64 C:/devkitPro/libctru/lib\libctru.a(srv.o)
                0x001123bc                srvExit
 .text.srvEnableNotification
                0x00112420       0x60 C:/devkitPro/libctru/lib\libctru.a(srv.o)
                0x00112420                srvEnableNotification
 .text.srvGetServiceHandleDirect
                0x00112480       0xa0 C:/devkitPro/libctru/lib\libctru.a(srv.o)
                0x00112480                srvGetServiceHandleDirect
 .text.srvGetServiceHandle
                0x00112520       0x48 C:/devkitPro/libctru/lib\libctru.a(srv.o)
                0x00112520                srvGetServiceHandle
 .text.srvSubscribe
                0x00112568       0x34 C:/devkitPro/libctru/lib\libctru.a(srv.o)
                0x00112568                srvSubscribe
 .text.srvReceiveNotification
                0x0011259c       0x60 C:/devkitPro/libctru/lib\libctru.a(srv.o)
                0x0011259c                srvReceiveNotification
 .text.srvPublishToSubscriber
                0x001125fc       0x38 C:/devkitPro/libctru/lib\libctru.a(srv.o)
                0x001125fc                srvPublishToSubscriber
 .text.__sync_init
                0x00112634        0xc C:/devkitPro/libctru/lib\libctru.a(synchronization.o)
                0x00112634                __sync_init
 .text.__sync_fini
                0x00112640       0x18 C:/devkitPro/libctru/lib\libctru.a(synchronization.o)
                0x00112640                __sync_fini
 .text.syncArbitrateAddress
                0x00112658       0x28 C:/devkitPro/libctru/lib\libctru.a(synchronization.o)
                0x00112658                syncArbitrateAddress
 .text.LightLock_Lock
                0x00112680       0xac C:/devkitPro/libctru/lib\libctru.a(synchronization.o)
                0x00112680                LightLock_Lock
 .text.LightLock_Unlock
                0x0011272c       0x40 C:/devkitPro/libctru/lib\libctru.a(synchronization.o)
                0x0011272c                LightLock_Unlock
 .text.RecursiveLock_Lock
                0x0011276c       0x54 C:/devkitPro/libctru/lib\libctru.a(synchronization.o)
                0x0011276c                RecursiveLock_Lock
 .text.RecursiveLock_Unlock
                0x001127c0       0x54 C:/devkitPro/libctru/lib\libctru.a(synchronization.o)
                0x001127c0                RecursiveLock_Unlock
 .text.LightEvent_Init
                0x00112814       0x44 C:/devkitPro/libctru/lib\libctru.a(synchronization.o)
                0x00112814                LightEvent_Init
 .text.LightEvent_Clear
                0x00112858       0xb8 C:/devkitPro/libctru/lib\libctru.a(synchronization.o)
                0x00112858                LightEvent_Clear
 .text.LightEvent_Signal
                0x00112910       0xdc C:/devkitPro/libctru/lib\libctru.a(synchronization.o)
                0x00112910                LightEvent_Signal
 .text.LightEvent_TryWait
                0x001129ec       0x50 C:/devkitPro/libctru/lib\libctru.a(synchronization.o)
                0x001129ec                LightEvent_TryWait
 .text.LightEvent_Wait
                0x00112a3c       0xac C:/devkitPro/libctru/lib\libctru.a(synchronization.o)
                0x00112a3c                LightEvent_Wait
 .text.threadCreate
                0x00112ae8      0x1fc C:/devkitPro/libctru/lib\libctru.a(thread.o)
                0x00112ae8                threadCreate
 .text.threadFree
                0x00112ce4       0x38 C:/devkitPro/libctru/lib\libctru.a(thread.o)
                0x00112ce4                threadFree
 .text.threadJoin
                0x00112d1c       0x24 C:/devkitPro/libctru/lib\libctru.a(thread.o)
                0x00112d1c                threadJoin
 .text.threadGetCurrent
                0x00112d40       0x30 C:/devkitPro/libctru/lib\libctru.a(thread.o)
                0x00112d40                threadGetCurrent
 .text.threadExit
                0x00112d70       0x40 C:/devkitPro/libctru/lib\libctru.a(thread.o)
                0x00112d70                threadExit
 .text._thread_begin
                0x00112db0       0x20 C:/devkitPro/libctru/lib\libctru.a(thread.o)
 .text.mappableFindAddressWithin
                0x00112dd0       0x90 C:/devkitPro/libctru/lib\libctru.a(mappable.o)
 .text.mappableInit
                0x00112e60       0x28 C:/devkitPro/libctru/lib\libctru.a(mappable.o)
                0x00112e60                mappableInit
 .text.mappableAlloc
                0x00112e88       0x7c C:/devkitPro/libctru/lib\libctru.a(mappable.o)
                0x00112e88                mappableAlloc
 .text.mappableFree
                0x00112f04        0x4 C:/devkitPro/libctru/lib\libctru.a(mappable.o)
                0x00112f04                mappableFree
 .text.srvPmGetSessionHandle
                0x00112f08        0xc C:/devkitPro/libctru/lib\libctru.a(srvpm.o)
                0x00112f08                srvPmGetSessionHandle
 .text.rbtree_node_next
                0x00112f14       0x60 C:/devkitPro/libctru/lib\libctru.a(rbtree_iterator.o)
                0x00112f14                rbtree_node_next
 .text.decode_utf16
                0x00112f74       0x54 C:/devkitPro/libctru/lib\libctru.a(decode_utf16.o)
                0x00112f74                decode_utf16
 .text.encode_utf16
                0x00112fc8       0x54 C:/devkitPro/libctru/lib\libctru.a(encode_utf16.o)
                0x00112fc8                encode_utf16
 .text.encode_utf8
                0x0011301c       0xe0 C:/devkitPro/libctru/lib\libctru.a(encode_utf8.o)
                0x0011301c                encode_utf8
 .text.__appExit
                0x001130fc       0x30 C:/devkitPro/libctru/lib\libctru.a(appExit.o)
                0x001130fc                __appExit
 .text.__appInit
                0x0011312c       0x30 C:/devkitPro/libctru/lib\libctru.a(appInit.o)
                0x0011312c                __appInit
 .text.__libctru_exit
                0x0011315c       0x90 C:/devkitPro/libctru/lib\libctru.a(ctru_exit.o)
                0x0011315c                __libctru_exit
 .text.error_cmp
                0x001131ec       0x24 C:/devkitPro/libctru/lib\libctru.a(archive_dev.o)
 .text.archive_translate_error
                0x00113210       0x50 C:/devkitPro/libctru/lib\libctru.a(archive_dev.o)
 .text.archive_seek
                0x00113260       0xc0 C:/devkitPro/libctru/lib\libctru.a(archive_dev.o)
 .text._archiveInit.part.0
                0x00113320       0x78 C:/devkitPro/libctru/lib\libctru.a(archive_dev.o)
 .text.archiveFindDevice.part.0
                0x00113398      0x110 C:/devkitPro/libctru/lib\libctru.a(archive_dev.o)
 .text.archive_utf16path
                0x001134a8      0x298 C:/devkitPro/libctru/lib\libctru.a(archive_dev.o)
 .text._archiveUnmountDeviceStruct.part.0
                0x00113740       0x98 C:/devkitPro/libctru/lib\libctru.a(archive_dev.o)
 .text._archiveMountDevice
                0x001137d8      0x178 C:/devkitPro/libctru/lib\libctru.a(archive_dev.o)
 .text.archive_diropen
                0x00113950       0xf8 C:/devkitPro/libctru/lib\libctru.a(archive_dev.o)
 .text.archive_fstat
                0x00113a48       0xac C:/devkitPro/libctru/lib\libctru.a(archive_dev.o)
 .text.archive_fsync
                0x00113af4       0x74 C:/devkitPro/libctru/lib\libctru.a(archive_dev.o)
 .text.archive_close
                0x00113b68       0x74 C:/devkitPro/libctru/lib\libctru.a(archive_dev.o)
 .text.archive_dirclose
                0x00113bdc       0x78 C:/devkitPro/libctru/lib\libctru.a(archive_dev.o)
 .text.sdmc_statvfs
                0x00113c54       0xec C:/devkitPro/libctru/lib\libctru.a(archive_dev.o)
 .text.archive_chdir
                0x00113d40       0xf8 C:/devkitPro/libctru/lib\libctru.a(archive_dev.o)
 .text.archive_ftruncate
                0x00113e38       0x8c C:/devkitPro/libctru/lib\libctru.a(archive_dev.o)
 .text.archive_read
                0x00113ec4       0xbc C:/devkitPro/libctru/lib\libctru.a(archive_dev.o)
 .text.archive_unlink
                0x00113f80       0xa8 C:/devkitPro/libctru/lib\libctru.a(archive_dev.o)
 .text.archive_rmdir
                0x00114028       0xc0 C:/devkitPro/libctru/lib\libctru.a(archive_dev.o)
 .text.archive_mkdir
                0x001140e8       0xd8 C:/devkitPro/libctru/lib\libctru.a(archive_dev.o)
 .text.archive_stat
                0x001141c0      0x1a0 C:/devkitPro/libctru/lib\libctru.a(archive_dev.o)
 .text.archive_dirnext
                0x00114360      0x164 C:/devkitPro/libctru/lib\libctru.a(archive_dev.o)
 .text.archive_write
                0x001144c4      0x13c C:/devkitPro/libctru/lib\libctru.a(archive_dev.o)
 .text.archive_open
                0x00114600      0x254 C:/devkitPro/libctru/lib\libctru.a(archive_dev.o)
 .text.archive_rename
                0x00114854      0x270 C:/devkitPro/libctru/lib\libctru.a(archive_dev.o)
 .text.archiveMountSdmc
                0x00114ac4      0x1c8 C:/devkitPro/libctru/lib\libctru.a(archive_dev.o)
                0x00114ac4                archiveMountSdmc
 .text.archiveUnmountAll
                0x00114c8c       0x54 C:/devkitPro/libctru/lib\libctru.a(archive_dev.o)
                0x00114c8c                archiveUnmountAll
 .text.ceilf    0x00114ce0       0xc0 C:/devkitPro/devkitARM/bin/../lib/gcc/arm-none-eabi/16.1.0/../../../../arm-none-eabi/lib/armv6k/fpu\libm.a(libm_a-sf_ceil.o)
                0x00114ce0                ceilf
 .text.__udivmoddi4
                0x00114da0      0x130 C:/devkitPro/devkitARM/bin/../lib/gcc/arm-none-eabi/16.1.0/armv6k/fpu\libgcc.a(_udivmoddi4.o)
                0x00114da0                __udivmoddi4
 .text.strncat  0x00114ed0       0xe4 C:/devkitPro/devkitARM/bin/../lib/gcc/arm-none-eabi/16.1.0/../../../../arm-none-eabi/lib/armv6k/fpu\libg.a(libc_a-strncat.o)
                0x00114ed0                strncat
 .text.srand    0x00114fb4       0x1c C:/devkitPro/devkitARM/bin/../lib/gcc/arm-none-eabi/16.1.0/../../../../arm-none-eabi/lib/armv6k/fpu\libg.a(libc_a-rand.o)
                0x00114fb4                srand
 .text.rand     0x00114fd0       0x44 C:/devkitPro/devkitARM/bin/../lib/gcc/arm-none-eabi/16.1.0/../../../../arm-none-eabi/lib/armv6k/fpu\libg.a(libc_a-rand.o)
                0x00114fd0                rand
 .text.memcpy   0x00115014      0x128 C:/devkitPro/devkitARM/bin/../lib/gcc/arm-none-eabi/16.1.0/../../../../arm-none-eabi/lib/armv6k/fpu\libg.a(libc_a-memcpy-stub.o)
                0x00115014                memcpy
 .text.strlen   0x0011513c       0x8c C:/devkitPro/devkitARM/bin/../lib/gcc/arm-none-eabi/16.1.0/../../../../arm-none-eabi/lib/armv6k/fpu\libg.a(libc_a-strlen.o)
                0x0011513c                strlen
 .text._fread_r
                0x001151c8      0x334 C:/devkitPro/devkitARM/bin/../lib/gcc/arm-none-eabi/16.1.0/../../../../arm-none-eabi/lib/armv6k/fpu\libg.a(libc_a-fread.o)
                0x001151c8                _fread_r
 .text.fread    0x001154fc       0x38 C:/devkitPro/devkitARM/bin/../lib/gcc/arm-none-eabi/16.1.0/../../../../arm-none-eabi/lib/armv6k/fpu\libg.a(libc_a-fread.o)
                0x001154fc                fread
 .text.bsearch  0x00115534       0x78 C:/devkitPro/devkitARM/bin/../lib/gcc/arm-none-eabi/16.1.0/../../../../arm-none-eabi/lib/armv6k/fpu\libg.a(libc_a-bsearch.o)
                0x00115534                bsearch
 .text._fopen_r
                0x001155ac      0x134 C:/devkitPro/devkitARM/bin/../lib/gcc/arm-none-eabi/16.1.0/../../../../arm-none-eabi/lib/armv6k/fpu\libg.a(libc_a-fopen.o)
                0x001155ac                _fopen_r
 .text.fopen    0x001156e0       0x28 C:/devkitPro/devkitARM/bin/../lib/gcc/arm-none-eabi/16.1.0/../../../../arm-none-eabi/lib/armv6k/fpu\libg.a(libc_a-fopen.o)
                0x001156e0                fopen
 .text.memalign
                0x00115708       0x28 C:/devkitPro/devkitARM/bin/../lib/gcc/arm-none-eabi/16.1.0/../../../../arm-none-eabi/lib/armv6k/fpu\libg.a(libc_a-malign.o)
                0x00115708                memalign
 .text.snprintf
                0x00115730       0xa0 C:/devkitPro/devkitARM/bin/../lib/gcc/arm-none-eabi/16.1.0/../../../../arm-none-eabi/lib/armv6k/fpu\libg.a(libc_a-snprintf.o)
                0x00115730                snprintf
 .text.printf   0x001157d0       0x34 C:/devkitPro/devkitARM/bin/../lib/gcc/arm-none-eabi/16.1.0/../../../../arm-none-eabi/lib/armv6k/fpu\libg.a(libc_a-printf.o)
                0x001157d0                printf
 .text._strtoul_l.isra.0
                0x00115804      0x1ec C:/devkitPro/devkitARM/bin/../lib/gcc/arm-none-eabi/16.1.0/../../../../arm-none-eabi/lib/armv6k/fpu\libg.a(libc_a-strtoul.o)
 .text._strtoul_r
                0x001159f0       0x38 C:/devkitPro/devkitARM/bin/../lib/gcc/arm-none-eabi/16.1.0/../../../../arm-none-eabi/lib/armv6k/fpu\libg.a(libc_a-strtoul.o)
                0x001159f0                _strtoul_r
 .text.strtoul  0x00115a28       0x3c C:/devkitPro/devkitARM/bin/../lib/gcc/arm-none-eabi/16.1.0/../../../../arm-none-eabi/lib/armv6k/fpu\libg.a(libc_a-strtoul.o)
                0x00115a28                strtoul
 .text.strchr   0x00115a64      0x140 C:/devkitPro/devkitARM/bin/../lib/gcc/arm-none-eabi/16.1.0/../../../../arm-none-eabi/lib/armv6k/fpu\libg.a(libc_a-strchr.o)
                0x00115a64                strchr
 .text.memcmp   0x00115ba4       0xd8 C:/devkitPro/devkitARM/bin/../lib/gcc/arm-none-eabi/16.1.0/../../../../arm-none-eabi/lib/armv6k/fpu\libg.a(libc_a-memcmp.o)
                0x00115ba4                memcmp
 .text._fgets_r
                0x00115c7c      0x198 C:/devkitPro/devkitARM/bin/../lib/gcc/arm-none-eabi/16.1.0/../../../../arm-none-eabi/lib/armv6k/fpu\libg.a(libc_a-fgets.o)
                0x00115c7c                _fgets_r
 .text.fgets    0x00115e14       0x30 C:/devkitPro/devkitARM/bin/../lib/gcc/arm-none-eabi/16.1.0/../../../../arm-none-eabi/lib/armv6k/fpu\libg.a(libc_a-fgets.o)
                0x00115e14                fgets
 .text.calloc   0x00115e44       0x28 C:/devkitPro/devkitARM/bin/../lib/gcc/arm-none-eabi/16.1.0/../../../../arm-none-eabi/lib/armv6k/fpu\libg.a(libc_a-calloc.o)
                0x00115e44                calloc
 .text._memalign_r
                0x00115e6c      0x16c C:/devkitPro/devkitARM/bin/../lib/gcc/arm-none-eabi/16.1.0/../../../../arm-none-eabi/lib/armv6k/fpu\libg.a(libc_a-malignr.o)
                0x00115e6c                _memalign_r
 .text.__errno  0x00115fd8        0xc C:/devkitPro/devkitARM/bin/../lib/gcc/arm-none-eabi/16.1.0/../../../../arm-none-eabi/lib/armv6k/fpu\libg.a(libc_a-errno.o)
                0x00115fd8                __errno
 .text.__smakebuf_r
                0x00115fe4      0x164 C:/devkitPro/devkitARM/bin/../lib/gcc/arm-none-eabi/16.1.0/../../../../arm-none-eabi/lib/armv6k/fpu\libg.a(libc_a-makebuf.o)
                0x00115fe4                __smakebuf_r
 .text.__swhatbuf_r
                0x00116148       0x90 C:/devkitPro/devkitARM/bin/../lib/gcc/arm-none-eabi/16.1.0/../../../../arm-none-eabi/lib/armv6k/fpu\libg.a(libc_a-makebuf.o)
                0x00116148                __swhatbuf_r
 .text.memset   0x001161d8       0xe4 C:/devkitPro/devkitARM/bin/../lib/gcc/arm-none-eabi/16.1.0/../../../../arm-none-eabi/lib/armv6k/fpu\libg.a(libc_a-memset.o)
                0x001161d8                memset
 .text._calloc_r
                0x001162bc       0xd8 C:/devkitPro/devkitARM/bin/../lib/gcc/arm-none-eabi/16.1.0/../../../../arm-none-eabi/lib/armv6k/fpu\libg.a(libc_a-callocr.o)
                0x001162bc                _calloc_r
 .text.__sflush_r
                0x00116394      0x22c C:/devkitPro/devkitARM/bin/../lib/gcc/arm-none-eabi/16.1.0/../../../../arm-none-eabi/lib/armv6k/fpu\libg.a(libc_a-fflush.o)
                0x00116394                __sflush_r
 .text._fflush_r
                0x001165c0       0xc4 C:/devkitPro/devkitARM/bin/../lib/gcc/arm-none-eabi/16.1.0/../../../../arm-none-eabi/lib/armv6k/fpu\libg.a(libc_a-fflush.o)
                0x001165c0                _fflush_r
 .text._fwrite_r
                0x00116684      0x104 C:/devkitPro/devkitARM/bin/../lib/gcc/arm-none-eabi/16.1.0/../../../../arm-none-eabi/lib/armv6k/fpu\libg.a(libc_a-fwrite.o)
                0x00116684                _fwrite_r
 .text.fwrite   0x00116788       0x38 C:/devkitPro/devkitARM/bin/../lib/gcc/arm-none-eabi/16.1.0/../../../../arm-none-eabi/lib/armv6k/fpu\libg.a(libc_a-fwrite.o)
                0x00116788                fwrite
 .text.realloc  0x001167c0       0x28 C:/devkitPro/devkitARM/bin/../lib/gcc/arm-none-eabi/16.1.0/../../../../arm-none-eabi/lib/armv6k/fpu\libg.a(libc_a-realloc.o)
                0x001167c0                realloc
 .text.strcspn  0x001167e8       0x80 C:/devkitPro/devkitARM/bin/../lib/gcc/arm-none-eabi/16.1.0/../../../../arm-none-eabi/lib/armv6k/fpu\libg.a(libc_a-strcspn.o)
                0x001167e8                strcspn
 .text.qsort    0x00116868      0x8e8 C:/devkitPro/devkitARM/bin/../lib/gcc/arm-none-eabi/16.1.0/../../../../arm-none-eabi/lib/armv6k/fpu\libg.a(libc_a-qsort.o)
                0x00116868                qsort
 .text._malloc_r
                0x00117150      0x82c C:/devkitPro/devkitARM/bin/../lib/gcc/arm-none-eabi/16.1.0/../../../../arm-none-eabi/lib/armv6k/fpu\libg.a(libc_a-mallocr.o)
                0x00117150                _malloc_r
 .text._malloc_trim_r
                0x0011797c      0x114 C:/devkitPro/devkitARM/bin/../lib/gcc/arm-none-eabi/16.1.0/../../../../arm-none-eabi/lib/armv6k/fpu\libg.a(libc_a-freer.o)
                0x0011797c                _malloc_trim_r
 .text._free_r  0x00117a90      0x314 C:/devkitPro/devkitARM/bin/../lib/gcc/arm-none-eabi/16.1.0/../../../../arm-none-eabi/lib/armv6k/fpu\libg.a(libc_a-freer.o)
                0x00117a90                _free_r
 .text.setvbuf  0x00117da4      0x294 C:/devkitPro/devkitARM/bin/../lib/gcc/arm-none-eabi/16.1.0/../../../../arm-none-eabi/lib/armv6k/fpu\libg.a(libc_a-setvbuf.o)
                0x00117da4                setvbuf
 .text.stdio_exit_handler
                0x00118038       0x1c C:/devkitPro/devkitARM/bin/../lib/gcc/arm-none-eabi/16.1.0/../../../../arm-none-eabi/lib/armv6k/fpu\libg.a(libc_a-findfp.o)
 .text.cleanup_stdio
                0x00118054       0x5c C:/devkitPro/devkitARM/bin/../lib/gcc/arm-none-eabi/16.1.0/../../../../arm-none-eabi/lib/armv6k/fpu\libg.a(libc_a-findfp.o)
 .text.global_stdio_init.part.0
                0x001180b0      0x154 C:/devkitPro/devkitARM/bin/../lib/gcc/arm-none-eabi/16.1.0/../../../../arm-none-eabi/lib/armv6k/fpu\libg.a(libc_a-findfp.o)
 .text.__sfp    0x00118204      0x138 C:/devkitPro/devkitARM/bin/../lib/gcc/arm-none-eabi/16.1.0/../../../../arm-none-eabi/lib/armv6k/fpu\libg.a(libc_a-findfp.o)
                0x00118204                __sfp
 .text.__sinit  0x0011833c       0x5c C:/devkitPro/devkitARM/bin/../lib/gcc/arm-none-eabi/16.1.0/../../../../arm-none-eabi/lib/armv6k/fpu\libg.a(libc_a-findfp.o)
                0x0011833c                __sinit
 .text.__sfp_lock_acquire
                0x00118398        0xc C:/devkitPro/devkitARM/bin/../lib/gcc/arm-none-eabi/16.1.0/../../../../arm-none-eabi/lib/armv6k/fpu\libg.a(libc_a-findfp.o)
                0x00118398                __sfp_lock_acquire
 .text.__sfp_lock_release
                0x001183a4        0xc C:/devkitPro/devkitARM/bin/../lib/gcc/arm-none-eabi/16.1.0/../../../../arm-none-eabi/lib/armv6k/fpu\libg.a(libc_a-findfp.o)
                0x001183a4                __sfp_lock_release
 .text.__libc_init_array
                0x001183b0       0x84 C:/devkitPro/devkitARM/bin/../lib/gcc/arm-none-eabi/16.1.0/../../../../arm-none-eabi/lib/armv6k/fpu\libg.a(libc_a-init.o)
                0x001183b0                __libc_init_array
 .text.strncpy  0x00118434       0xd4 C:/devkitPro/devkitARM/bin/../lib/gcc/arm-none-eabi/16.1.0/../../../../arm-none-eabi/lib/armv6k/fpu\libg.a(libc_a-strncpy.o)
                0x00118434                strncpy
 .text._fseek_r
                0x00118508       0x1c C:/devkitPro/devkitARM/bin/../lib/gcc/arm-none-eabi/16.1.0/../../../../arm-none-eabi/lib/armv6k/fpu\libg.a(libc_a-fseek.o)
                0x00118508                _fseek_r
 .text.malloc   0x00118524       0x40 C:/devkitPro/devkitARM/bin/../lib/gcc/arm-none-eabi/16.1.0/../../../../arm-none-eabi/lib/armv6k/fpu\libg.a(libc_a-malloc.o)
                0x00118524                malloc
 .text.free     0x00118564       0x20 C:/devkitPro/devkitARM/bin/../lib/gcc/arm-none-eabi/16.1.0/../../../../arm-none-eabi/lib/armv6k/fpu\libg.a(libc_a-malloc.o)
                0x00118564                free
 .text.memchr   0x00118584       0xe8 C:/devkitPro/devkitARM/bin/../lib/gcc/arm-none-eabi/16.1.0/../../../../arm-none-eabi/lib/armv6k/fpu\libg.a(libc_a-memchr-stub.o)
                0x00118584                memchr
 .text._puts_r  0x0011866c       0xe0 C:/devkitPro/devkitARM/bin/../lib/gcc/arm-none-eabi/16.1.0/../../../../arm-none-eabi/lib/armv6k/fpu\libg.a(libc_a-puts.o)
                0x0011866c                _puts_r
 .text.puts     0x0011874c       0x20 C:/devkitPro/devkitARM/bin/../lib/gcc/arm-none-eabi/16.1.0/../../../../arm-none-eabi/lib/armv6k/fpu\libg.a(libc_a-puts.o)
                0x0011874c                puts
 .text.__sread  0x0011876c       0x44 C:/devkitPro/devkitARM/bin/../lib/gcc/arm-none-eabi/16.1.0/../../../../arm-none-eabi/lib/armv6k/fpu\libg.a(libc_a-stdio.o)
                0x0011876c                __sread
 .text.__seofread
                0x001187b0        0x8 C:/devkitPro/devkitARM/bin/../lib/gcc/arm-none-eabi/16.1.0/../../../../arm-none-eabi/lib/armv6k/fpu\libg.a(libc_a-stdio.o)
                0x001187b0                __seofread
 .text.__swrite
                0x001187b8       0x68 C:/devkitPro/devkitARM/bin/../lib/gcc/arm-none-eabi/16.1.0/../../../../arm-none-eabi/lib/armv6k/fpu\libg.a(libc_a-stdio.o)
                0x001187b8                __swrite
 .text.__sseek  0x00118820       0x40 C:/devkitPro/devkitARM/bin/../lib/gcc/arm-none-eabi/16.1.0/../../../../arm-none-eabi/lib/armv6k/fpu\libg.a(libc_a-stdio.o)
                0x00118820                __sseek
 .text.__sclose
                0x00118860        0x8 C:/devkitPro/devkitARM/bin/../lib/gcc/arm-none-eabi/16.1.0/../../../../arm-none-eabi/lib/armv6k/fpu\libg.a(libc_a-stdio.o)
                0x00118860                __sclose
 .text.memmove  0x00118868      0x1a8 C:/devkitPro/devkitARM/bin/../lib/gcc/arm-none-eabi/16.1.0/../../../../arm-none-eabi/lib/armv6k/fpu\libg.a(libc_a-memmove.o)
                0x00118868                memmove
 .text._realloc_r
                0x00118a10      0x4f0 C:/devkitPro/devkitARM/bin/../lib/gcc/arm-none-eabi/16.1.0/../../../../arm-none-eabi/lib/armv6k/fpu\libg.a(libc_a-reallocr.o)
                0x00118a10                _realloc_r
 .text.localtime
                0x00118f00       0x1c C:/devkitPro/devkitARM/bin/../lib/gcc/arm-none-eabi/16.1.0/../../../../arm-none-eabi/lib/armv6k/fpu\libg.a(libc_a-lcltime.o)
                0x00118f00                localtime
 .text.__malloc_lock
                0x00118f1c        0xc C:/devkitPro/devkitARM/bin/../lib/gcc/arm-none-eabi/16.1.0/../../../../arm-none-eabi/lib/armv6k/fpu\libg.a(libc_a-mlock.o)
                0x00118f1c                __malloc_lock
 .text.__malloc_unlock
                0x00118f28        0xc C:/devkitPro/devkitARM/bin/../lib/gcc/arm-none-eabi/16.1.0/../../../../arm-none-eabi/lib/armv6k/fpu\libg.a(libc_a-mlock.o)
                0x00118f28                __malloc_unlock
 .text._fseeko_r
                0x00118f34      0x588 C:/devkitPro/devkitARM/bin/../lib/gcc/arm-none-eabi/16.1.0/../../../../arm-none-eabi/lib/armv6k/fpu\libg.a(libc_a-fseeko.o)
                0x00118f34                _fseeko_r
 .text._fclose_r
                0x001194bc      0x148 C:/devkitPro/devkitARM/bin/../lib/gcc/arm-none-eabi/16.1.0/../../../../arm-none-eabi/lib/armv6k/fpu\libg.a(libc_a-fclose.o)
                0x001194bc                _fclose_r
 .text.fclose   0x00119604       0x20 C:/devkitPro/devkitARM/bin/../lib/gcc/arm-none-eabi/16.1.0/../../../../arm-none-eabi/lib/armv6k/fpu\libg.a(libc_a-fclose.o)
                0x00119604                fclose
 .text.time     0x00119624       0x48 C:/devkitPro/devkitARM/bin/../lib/gcc/arm-none-eabi/16.1.0/../../../../arm-none-eabi/lib/armv6k/fpu\libg.a(libc_a-time.o)
                0x00119624                time
 .text.__call_exitprocs
                0x0011966c        0x4 C:/devkitPro/devkitARM/bin/../lib/gcc/arm-none-eabi/16.1.0/../../../../arm-none-eabi/lib/armv6k/fpu\libg.a(libc_a-exit.o)
                0x0011966c                __call_exitprocs
 .text.exit     0x00119670       0x30 C:/devkitPro/devkitARM/bin/../lib/gcc/arm-none-eabi/16.1.0/../../../../arm-none-eabi/lib/armv6k/fpu\libg.a(libc_a-exit.o)
                0x00119670                exit
 .text.get_arg  0x001196a0      0x5e0 C:/devkitPro/devkitARM/bin/../lib/gcc/arm-none-eabi/16.1.0/../../../../arm-none-eabi/lib/armv6k/fpu\libg.a(libc_a-svfprintf.o)
 .text._svfprintf_r
                0x00119c80     0x345c C:/devkitPro/devkitARM/bin/../lib/gcc/arm-none-eabi/16.1.0/../../../../arm-none-eabi/lib/armv6k/fpu\libg.a(libc_a-svfprintf.o)
                0x00119c80                _svfprintf_r
 .text.__sflags
                0x0011d0dc       0xb8 C:/devkitPro/devkitARM/bin/../lib/gcc/arm-none-eabi/16.1.0/../../../../arm-none-eabi/lib/armv6k/fpu\libg.a(libc_a-flags.o)
                0x0011d0dc                __sflags
 .text.__libc_fini_array
                0x0011d194       0x3c C:/devkitPro/devkitARM/bin/../lib/gcc/arm-none-eabi/16.1.0/../../../../arm-none-eabi/lib/armv6k/fpu\libg.a(libc_a-fini.o)
                0x0011d194                __libc_fini_array
 .text.strnlen  0x0011d1d0       0x3c C:/devkitPro/devkitARM/bin/../lib/gcc/arm-none-eabi/16.1.0/../../../../arm-none-eabi/lib/armv6k/fpu\libg.a(libc_a-strnlen.o)
                0x0011d1d0                strnlen
 .text.strncmp  0x0011d20c       0xd8 C:/devkitPro/devkitARM/bin/../lib/gcc/arm-none-eabi/16.1.0/../../../../arm-none-eabi/lib/armv6k/fpu\libg.a(libc_a-strncmp.o)
                0x0011d20c                strncmp
 .text.tolower  0x0011d2e4       0x1c C:/devkitPro/devkitARM/bin/../lib/gcc/arm-none-eabi/16.1.0/../../../../arm-none-eabi/lib/armv6k/fpu\libg.a(libc_a-tolower.o)
                0x0011d2e4                tolower
 .text.lflush   0x0011d300       0x38 C:/devkitPro/devkitARM/bin/../lib/gcc/arm-none-eabi/16.1.0/../../../../arm-none-eabi/lib/armv6k/fpu\libg.a(libc_a-refill.o)
 .text.__srefill_r
                0x0011d338      0x1a8 C:/devkitPro/devkitARM/bin/../lib/gcc/arm-none-eabi/16.1.0/../../../../arm-none-eabi/lib/armv6k/fpu\libg.a(libc_a-refill.o)
                0x0011d338                __srefill_r
 .text.frexp    0x0011d4e0       0x88 C:/devkitPro/devkitARM/bin/../lib/gcc/arm-none-eabi/16.1.0/../../../../arm-none-eabi/lib/armv6k/fpu\libg.a(libm_a-s_frexp.o)
                0x0011d4e0                frexp
 .text._fwalk_sglue
                0x0011d568       0x70 C:/devkitPro/devkitARM/bin/../lib/gcc/arm-none-eabi/16.1.0/../../../../arm-none-eabi/lib/armv6k/fpu\libg.a(libc_a-fwalk.o)
                0x0011d568                _fwalk_sglue
 .text.get_arg  0x0011d5d8      0x5e0 C:/devkitPro/devkitARM/bin/../lib/gcc/arm-none-eabi/16.1.0/../../../../arm-none-eabi/lib/armv6k/fpu\libg.a(libc_a-vfprintf.o)
 .text._vfprintf_r
                0x0011dbb8     0x3554 C:/devkitPro/devkitARM/bin/../lib/gcc/arm-none-eabi/16.1.0/../../../../arm-none-eabi/lib/armv6k/fpu\libg.a(libc_a-vfprintf.o)
                0x0011dbb8                _vfprintf_r
 .text.__sbprintf
                0x0012110c       0xb4 C:/devkitPro/devkitARM/bin/../lib/gcc/arm-none-eabi/16.1.0/../../../../arm-none-eabi/lib/armv6k/fpu\libg.a(libc_a-vfprintf.o)
 .text._wcrtomb_r
                0x001211c0       0xa0 C:/devkitPro/devkitARM/bin/../lib/gcc/arm-none-eabi/16.1.0/../../../../arm-none-eabi/lib/armv6k/fpu\libg.a(libc_a-wcrtomb.o)
                0x001211c0                _wcrtomb_r
 .text.__ssprint_r
                0x00121260       0xa4 C:/devkitPro/devkitARM/bin/../lib/gcc/arm-none-eabi/16.1.0/../../../../arm-none-eabi/lib/armv6k/fpu\libg.a(libc_a-ssprint_r.o)
                0x00121260                __ssprint_r
 .text.__sfvwrite_r
                0x00121304      0x4a4 C:/devkitPro/devkitARM/bin/../lib/gcc/arm-none-eabi/16.1.0/../../../../arm-none-eabi/lib/armv6k/fpu\libg.a(libc_a-fvwrite.o)
                0x00121304                __sfvwrite_r
 .text.__locale_mb_cur_max
                0x001217a8       0x24 C:/devkitPro/devkitARM/bin/../lib/gcc/arm-none-eabi/16.1.0/../../../../arm-none-eabi/lib/armv6k/fpu\libg.a(libc_a-locale.o)
                0x001217a8                __locale_mb_cur_max
 .text.__sprint_r
                0x001217cc       0x30 C:/devkitPro/devkitARM/bin/../lib/gcc/arm-none-eabi/16.1.0/../../../../arm-none-eabi/lib/armv6k/fpu\libg.a(libc_a-sprint_r.o)
                0x001217cc                __sprint_r
 .text.localtime_r
                0x001217fc      0x35c C:/devkitPro/devkitARM/bin/../lib/gcc/arm-none-eabi/16.1.0/../../../../arm-none-eabi/lib/armv6k/fpu\libg.a(libc_a-lcltime_r.o)
                0x001217fc                localtime_r
 .text.__tzcalc_limits
                0x00121b58      0x258 C:/devkitPro/devkitARM/bin/../lib/gcc/arm-none-eabi/16.1.0/../../../../arm-none-eabi/lib/armv6k/fpu\libg.a(libc_a-tzcalc_limits.o)
                0x00121b58                __tzcalc_limits
 .text.quorem   0x00121db0      0x1c0 C:/devkitPro/devkitARM/bin/../lib/gcc/arm-none-eabi/16.1.0/../../../../arm-none-eabi/lib/armv6k/fpu\libg.a(libc_a-dtoa.o)
 .text._dtoa_r  0x00121f70     0x1420 C:/devkitPro/devkitARM/bin/../lib/gcc/arm-none-eabi/16.1.0/../../../../arm-none-eabi/lib/armv6k/fpu\libg.a(libc_a-dtoa.o)
                0x00121f70                _dtoa_r
 .text._strtol_l.part.0
                0x00123390      0x384 C:/devkitPro/devkitARM/bin/../lib/gcc/arm-none-eabi/16.1.0/../../../../arm-none-eabi/lib/armv6k/fpu\libg.a(libc_a-strtol.o)
 .text._strtol_r
                0x00123714       0x6c C:/devkitPro/devkitARM/bin/../lib/gcc/arm-none-eabi/16.1.0/../../../../arm-none-eabi/lib/armv6k/fpu\libg.a(libc_a-strtol.o)
                0x00123714                _strtol_r
 .text._tzset_unlocked
                0x00123780       0x10 C:/devkitPro/devkitARM/bin/../lib/gcc/arm-none-eabi/16.1.0/../../../../arm-none-eabi/lib/armv6k/fpu\libg.a(libc_a-tzset.o)
                0x00123780                _tzset_unlocked
 .text._wcsrtombs_r
                0x00123790       0x28 C:/devkitPro/devkitARM/bin/../lib/gcc/arm-none-eabi/16.1.0/../../../../arm-none-eabi/lib/armv6k/fpu\libg.a(libc_a-wcsrtombs.o)
                0x00123790                _wcsrtombs_r
 .text.__swsetup_r
                0x001237b8      0x140 C:/devkitPro/devkitARM/bin/../lib/gcc/arm-none-eabi/16.1.0/../../../../arm-none-eabi/lib/armv6k/fpu\libg.a(libc_a-wsetup.o)
                0x001237b8                __swsetup_r
 .text.__gettzinfo
                0x001238f8        0xc C:/devkitPro/devkitARM/bin/../lib/gcc/arm-none-eabi/16.1.0/../../../../arm-none-eabi/lib/armv6k/fpu\libg.a(libc_a-gettzinfo.o)
                0x001238f8                __gettzinfo
 .text._findenv_r
                0x00123904       0xdc C:/devkitPro/devkitARM/bin/../lib/gcc/arm-none-eabi/16.1.0/../../../../arm-none-eabi/lib/armv6k/fpu\libg.a(libc_a-getenv_r.o)
                0x00123904                _findenv_r
 .text._getenv_r
                0x001239e0       0x18 C:/devkitPro/devkitARM/bin/../lib/gcc/arm-none-eabi/16.1.0/../../../../arm-none-eabi/lib/armv6k/fpu\libg.a(libc_a-getenv_r.o)
                0x001239e0                _getenv_r
 .text._localeconv_r
                0x001239f8       0x24 C:/devkitPro/devkitARM/bin/../lib/gcc/arm-none-eabi/16.1.0/../../../../arm-none-eabi/lib/armv6k/fpu\libg.a(libc_a-localeconv.o)
                0x001239f8                _localeconv_r
 .text.__ssputs_r
                0x00123a1c      0x12c C:/devkitPro/devkitARM/bin/../lib/gcc/arm-none-eabi/16.1.0/../../../../arm-none-eabi/lib/armv6k/fpu\libg.a(libc_a-ssputs_r.o)
                0x00123a1c                __ssputs_r
 .text.__utf8_wctomb
                0x00123b48       0xf8 C:/devkitPro/devkitARM/bin/../lib/gcc/arm-none-eabi/16.1.0/../../../../arm-none-eabi/lib/armv6k/fpu\libg.a(libc_a-wctomb_r.o)
                0x00123b48                __utf8_wctomb
 .text.gmtime_r
                0x00123c40      0x25c C:/devkitPro/devkitARM/bin/../lib/gcc/arm-none-eabi/16.1.0/../../../../arm-none-eabi/lib/armv6k/fpu\libg.a(libc_a-gmtime_r.o)
                0x00123c40                gmtime_r
 .text._tzset_unlocked_r
                0x00123e9c      0x648 C:/devkitPro/devkitARM/bin/../lib/gcc/arm-none-eabi/16.1.0/../../../../arm-none-eabi/lib/armv6k/fpu\libg.a(libc_a-tzset_r.o)
                0x00123e9c                _tzset_unlocked_r
 .text._wcsnrtombs_l
                0x001244e4      0x15c C:/devkitPro/devkitARM/bin/../lib/gcc/arm-none-eabi/16.1.0/../../../../arm-none-eabi/lib/armv6k/fpu\libg.a(libc_a-wcsnrtombs.o)
                0x001244e4                _wcsnrtombs_l
 .text._wcsnrtombs_r
                0x00124640       0x64 C:/devkitPro/devkitARM/bin/../lib/gcc/arm-none-eabi/16.1.0/../../../../arm-none-eabi/lib/armv6k/fpu\libg.a(libc_a-wcsnrtombs.o)
                0x00124640                _wcsnrtombs_r
 .text.__env_lock
                0x001246a4        0xc C:/devkitPro/devkitARM/bin/../lib/gcc/arm-none-eabi/16.1.0/../../../../arm-none-eabi/lib/armv6k/fpu\libg.a(libc_a-envlock.o)
                0x001246a4                __env_lock
 .text.__env_unlock
                0x001246b0        0xc C:/devkitPro/devkitARM/bin/../lib/gcc/arm-none-eabi/16.1.0/../../../../arm-none-eabi/lib/armv6k/fpu\libg.a(libc_a-envlock.o)
                0x001246b0                __env_unlock
 .text.__assert_func
                0x001246bc       0x5c C:/devkitPro/devkitARM/bin/../lib/gcc/arm-none-eabi/16.1.0/../../../../arm-none-eabi/lib/armv6k/fpu\libg.a(libc_a-assert.o)
                0x001246bc                __assert_func
 .text._Balloc  0x00124718       0x88 C:/devkitPro/devkitARM/bin/../lib/gcc/arm-none-eabi/16.1.0/../../../../arm-none-eabi/lib/armv6k/fpu\libg.a(libc_a-mprec.o)
                0x00124718                _Balloc
 .text._Bfree   0x001247a0       0x1c C:/devkitPro/devkitARM/bin/../lib/gcc/arm-none-eabi/16.1.0/../../../../arm-none-eabi/lib/armv6k/fpu\libg.a(libc_a-mprec.o)
                0x001247a0                _Bfree
 .text.__multadd
                0x001247bc       0xf4 C:/devkitPro/devkitARM/bin/../lib/gcc/arm-none-eabi/16.1.0/../../../../arm-none-eabi/lib/armv6k/fpu\libg.a(libc_a-mprec.o)
                0x001247bc                __multadd
 .text.__hi0bits
                0x001248b0       0x80 C:/devkitPro/devkitARM/bin/../lib/gcc/arm-none-eabi/16.1.0/../../../../arm-none-eabi/lib/armv6k/fpu\libg.a(libc_a-mprec.o)
                0x001248b0                __hi0bits
 .text.__lo0bits
                0x00124930       0xf0 C:/devkitPro/devkitARM/bin/../lib/gcc/arm-none-eabi/16.1.0/../../../../arm-none-eabi/lib/armv6k/fpu\libg.a(libc_a-mprec.o)
                0x00124930                __lo0bits
 .text.__i2b    0x00124a20       0xa4 C:/devkitPro/devkitARM/bin/../lib/gcc/arm-none-eabi/16.1.0/../../../../arm-none-eabi/lib/armv6k/fpu\libg.a(libc_a-mprec.o)
                0x00124a20                __i2b
 .text.__multiply
                0x00124ac4      0x230 C:/devkitPro/devkitARM/bin/../lib/gcc/arm-none-eabi/16.1.0/../../../../arm-none-eabi/lib/armv6k/fpu\libg.a(libc_a-mprec.o)
                0x00124ac4                __multiply
 .text.__pow5mult
                0x00124cf4      0x130 C:/devkitPro/devkitARM/bin/../lib/gcc/arm-none-eabi/16.1.0/../../../../arm-none-eabi/lib/armv6k/fpu\libg.a(libc_a-mprec.o)
                0x00124cf4                __pow5mult
 .text.__lshift
                0x00124e24      0x138 C:/devkitPro/devkitARM/bin/../lib/gcc/arm-none-eabi/16.1.0/../../../../arm-none-eabi/lib/armv6k/fpu\libg.a(libc_a-mprec.o)
                0x00124e24                __lshift
 .text.__mcmp   0x00124f5c       0x58 C:/devkitPro/devkitARM/bin/../lib/gcc/arm-none-eabi/16.1.0/../../../../arm-none-eabi/lib/armv6k/fpu\libg.a(libc_a-mprec.o)
                0x00124f5c                __mcmp
 .text.__mdiff  0x00124fb4      0x218 C:/devkitPro/devkitARM/bin/../lib/gcc/arm-none-eabi/16.1.0/../../../../arm-none-eabi/lib/armv6k/fpu\libg.a(libc_a-mprec.o)
                0x00124fb4                __mdiff
 .text.__d2b    0x001251cc      0x120 C:/devkitPro/devkitARM/bin/../lib/gcc/arm-none-eabi/16.1.0/../../../../arm-none-eabi/lib/armv6k/fpu\libg.a(libc_a-mprec.o)
                0x001251cc                __d2b
 .text.__utf8_mbtowc
                0x001252ec      0x340 C:/devkitPro/devkitARM/bin/../lib/gcc/arm-none-eabi/16.1.0/../../../../arm-none-eabi/lib/armv6k/fpu\libg.a(libc_a-mbtowc_r.o)
                0x001252ec                __utf8_mbtowc
 .text.fiprintf
                0x0012562c       0x3c C:/devkitPro/devkitARM/bin/../lib/gcc/arm-none-eabi/16.1.0/../../../../arm-none-eabi/lib/armv6k/fpu\libg.a(libc_a-fiprintf.o)
                0x0012562c                fiprintf
 .text.__tz_lock
                0x00125668        0xc C:/devkitPro/devkitARM/bin/../lib/gcc/arm-none-eabi/16.1.0/../../../../arm-none-eabi/lib/armv6k/fpu\libg.a(libc_a-tzlock.o)
                0x00125668                __tz_lock
 .text.__tz_unlock
                0x00125674        0xc C:/devkitPro/devkitARM/bin/../lib/gcc/arm-none-eabi/16.1.0/../../../../arm-none-eabi/lib/armv6k/fpu\libg.a(libc_a-tzlock.o)
                0x00125674                __tz_unlock
 .text.abort    0x00125680       0x14 C:/devkitPro/devkitARM/bin/../lib/gcc/arm-none-eabi/16.1.0/../../../../arm-none-eabi/lib/armv6k/fpu\libg.a(libc_a-abort.o)
                0x00125680                abort
 .text.strcpy   0x00125694       0xf0 C:/devkitPro/devkitARM/bin/../lib/gcc/arm-none-eabi/16.1.0/../../../../arm-none-eabi/lib/armv6k/fpu\libg.a(libc_a-strcpy.o)
                0x00125694                strcpy
 .text.siscanf  0x00125784       0x78 C:/devkitPro/devkitARM/bin/../lib/gcc/arm-none-eabi/16.1.0/../../../../arm-none-eabi/lib/armv6k/fpu\libg.a(libc_a-siscanf.o)
                0x00125784                siscanf
 .text.get_arg  0x001257fc      0x5e0 C:/devkitPro/devkitARM/bin/../lib/gcc/arm-none-eabi/16.1.0/../../../../arm-none-eabi/lib/armv6k/fpu\libg.a(libc_a-vfiprintf.o)
 .text._vfiprintf_r
                0x00125ddc     0x22f8 C:/devkitPro/devkitARM/bin/../lib/gcc/arm-none-eabi/16.1.0/../../../../arm-none-eabi/lib/armv6k/fpu\libg.a(libc_a-vfiprintf.o)
                0x00125ddc                _vfiprintf_r
 .text.__sbprintf
                0x001280d4       0xb4 C:/devkitPro/devkitARM/bin/../lib/gcc/arm-none-eabi/16.1.0/../../../../arm-none-eabi/lib/armv6k/fpu\libg.a(libc_a-vfiprintf.o)
 .text._raise_r
                0x00128188       0x9c C:/devkitPro/devkitARM/bin/../lib/gcc/arm-none-eabi/16.1.0/../../../../arm-none-eabi/lib/armv6k/fpu\libg.a(libc_a-signal.o)
                0x00128188                _raise_r
 .text.raise    0x00128224       0x20 C:/devkitPro/devkitARM/bin/../lib/gcc/arm-none-eabi/16.1.0/../../../../arm-none-eabi/lib/armv6k/fpu\libg.a(libc_a-signal.o)
                0x00128224                raise
 .text.get_arg  0x00128244       0x50 C:/devkitPro/devkitARM/bin/../lib/gcc/arm-none-eabi/16.1.0/../../../../arm-none-eabi/lib/armv6k/fpu\libg.a(libc_a-svfiscanf.o)
 .text._sungetc_r
                0x00128294       0xe4 C:/devkitPro/devkitARM/bin/../lib/gcc/arm-none-eabi/16.1.0/../../../../arm-none-eabi/lib/armv6k/fpu\libg.a(libc_a-svfiscanf.o)
                0x00128294                _sungetc_r
 .text.__ssrefill_r
                0x00128378       0x6c C:/devkitPro/devkitARM/bin/../lib/gcc/arm-none-eabi/16.1.0/../../../../arm-none-eabi/lib/armv6k/fpu\libg.a(libc_a-svfiscanf.o)
                0x00128378                __ssrefill_r
 .text._sfread_r
                0x001283e4       0xb4 C:/devkitPro/devkitARM/bin/../lib/gcc/arm-none-eabi/16.1.0/../../../../arm-none-eabi/lib/armv6k/fpu\libg.a(libc_a-svfiscanf.o)
                0x001283e4                _sfread_r
 .text.__ssvfiscanf_r