         w __deregister_frame_info
         w __register_frame_info
         w userAppExit
         w userAppInit
00000000 00000802 B __ctru_dev_utf16_buf
00000000 A __sync_synchronize
00000000 b _TLS_MODULE_BASE_
00000000 a shift
00000000 a shift
00000804 00000401 B __ctru_dev_path_buf
00100000 A __start__
00100000 T _start
00100008 T __service_ptr
0010000c T __apt_appid
00100010 T __heap_size
00100014 T __linear_heap_size
00100018 T __system_arglist
0010001c T __system_runflags
00100020 t startup
00100058 t ClearMem
0010006c t ClrLoop
00100094 T _init
001000ac t .udivsi3_skip_div0_test
001000ac T __aeabi_uidiv
001000ac 000001ec T __udivsi3
00100298 00000020 T __aeabi_uidivmod
001002b8 T __aeabi_idiv
001002b8 00000220 T __divsi3
001002c0 t .divsi3_skip_div0_test
001004d8 00000020 T __aeabi_idivmod
001004f8 00000004 W __aeabi_idiv0
001004f8 00000004 W __aeabi_ldiv0
001004fc T __aeabi_ldivmod
001005d0 T __aeabi_uldivmod
00100628 00000390 T strcmp
001009b0 t __do_global_dtors_aux
00100a00 t frame_dummy
00100a2c 00000074 t showStartupError(char const*)
00100aa0 0000006c t stringsEqualIgnoreCase(char const*, char const*)
00100b0c 00000090 t selectFirstCardInCategory(int)
00100b9c 000000e0 t convertUnsupportedCharacters(char*) [clone .part.0]
00100c7c 000001c0 t wrapText(char const*, char*, unsigned int, int) [clone .part.0]
00100e3c 00000098 t trimWhitespace(char*) [clone .part.0]
00100ed4 000000c8 t getMatchingCards(int*) [clone .part.0]
00100f9c 00000084 t browseCards(int)
00101020 0000006c t chooseCard()
0010108c 000000a0 t chooseDailyCard()
0010112c 000000ec t changeCategory(int)
00101218 000002f0 t drawTopScreen()
00101508 000011c8 T main
001026d0 00000044 t C2Di_FrameEndHook
00102714 00000368 T C2D_Init
00102a7c 0000004c T C2D_Fini
00102ac8 000000bc T C2D_Prepare
00102b84 00000048 T C2D_Flush
00102bcc 000000fc T C2D_SceneSize
00102cc8 00000060 T C2D_CreateScreenTarget
00102d28 00000060 T C2D_TargetClear
00102d88 00000054 T C2Di_AppendQuad
00102ddc 00000040 T C2Di_AppendVtx
00102e1c 00000738 T C2Di_Update
00103554 00000168 T C2D_DrawRectangle
001036bc 00000018 t C2Di_GlyphComp
001036d4 00000180 t C2Di_CalcLineWidths
00103854 000001d0 T C2D_TextBufNew
00103a24 00000004 T C2D_TextBufDelete
00103a28 0000000c T C2D_TextBufClear
00103a34 000001c4 T C2D_TextFontParseLine
00103bf8 000000a4 T C2D_TextFontParse
00103c9c 00000030 T C2D_TextOptimize
00103ccc 00000fdc T C2D_DrawText
00104ca8 00000050 T C2D_FontGlyphIndexFromCodePoint
00104cf8 00000074 T C2D_FontCalcGlyphPos
00104d6c 00000028 T AttrInfo_Init
00104d94 00000094 T AttrInfo_AddLoader
00104e28 00000054 T C3D_SetAttrInfo
00104e7c 00000080 T C3Di_AttrInfoBind
00104efc 00000004 W C3Di_LightEnvUpdate
00104f00 00000004 W C3Di_LightEnvDirty
00104f04 000000b4 t C3Di_AptEventHook
00104fb8 00000004 W C3Di_GasUpdate
00104fbc 000001d0 T C3D_Init
0010518c 00000098 T C3D_SetViewport
00105224 000004e8 T C3Di_UpdateContext
0010570c 000000e0 T C3Di_SplitFrame
001057ec 00000044 T C3D_Fini
00105830 00000194 T C3D_BindProgram
001059c4 00000024 T BufInfo_Init
001059e8 00000080 T BufInfo_Add
00105a68 0000003c T C3D_SetBufInfo
00105aa4 00000048 T C3Di_BufInfoBind
00105aec 0000021c T C3D_DrawElements
00105d08 00000040 T C3D_DepthMap
00105d48 0000001c T C3D_CullFace
00105d64 00000040 T C3D_StencilTest
00105da4 00000024 T C3D_StencilOp
00105dc8 0000001c T C3D_BlendingColor
00105de4 00000024 T C3D_EarlyDepthTest
00105e08 0000002c T C3D_DepthTest
00105e34 0000002c T C3D_AlphaTest
00105e60 00000050 T C3D_AlphaBlend
00105eb0 00000030 T C3D_FragOpMode
00105ee0 00000044 T C3D_FragOpShadow
00105f24 000001ac T C3Di_EffectBind
001060d0 0000001c T C3D_CalcColorBufSize
001060ec 0000001c T C3D_CalcDepthBufSize
00106108 00000044 T C3D_SetFrameBuf
0010614c 0000016c T C3Di_FrameBufBind
001062b8 000000c8 T C3D_FrameBufClear
00106380 00000044 T C3D_FrameBufTransfer
001063c4 000000a8 T C3D_ImmSendAttrib
0010646c 00000070 T C3D_ProcTexInit
001064dc 00000054 T C3D_ProcTexBind
00106530 0000005c T C3D_ProcTexLutBind
0010658c 000000a4 T ProcTexLut_FromArray
00106630 00000178 T C3Di_ProcTexUpdate
001067a8 00000068 T C3Di_ProcTexDirty
00106810 0000004c t onVBlank0
0010685c 0000004c t onVBlank1
001068a8 00000080 t C3Di_RenderTargetDestroy
00106928 000000f4 t onQueueFinish
00106a1c 00000038 T C3Di_RenderQueueEnableVBlank
00106a54 00000030 T C3Di_RenderQueueDisableVBlank
00106a84 00000060 T C3Di_RenderQueueInit
00106ae4 000000b4 T C3Di_RenderQueueExit
00106b98 00000034 T C3Di_RenderQueueWaitDone
00106bcc 000000e8 T C3D_FrameBegin
00106cb4 00000048 T C3D_FrameDrawOn
00106cfc 00000058 T C3D_FrameSplit
00106d54 000001d0 T C3D_FrameEnd
00106f24 0000001c T C3D_FrameEndHook
00106f40 00000170 T C3D_RenderTargetCreate
001070b0 000000a8 T C3D_RenderTargetSetOutput
00107158 00000034 T C3D_GetTexEnv
0010718c 00000024 T C3Di_TexEnvBind
001071b0 00000044 T C3D_TexBind
001071f4 0000014c T C3Di_SetTex
00107340 00000290 T C3D_UpdateUniforms
001075d0 000000c0 T C3Di_DirtyUniforms
00107690 000000d8 T C3Di_LoadShaderUniforms
00107768 00000028 T C3Di_ClearShaderUniforms
00107790 000000cc T Mtx_Ortho
0010785c 000000cc T Mtx_OrthoTilt
00107928 00000024 t addrMapNodeComparator(rbtree_node const*, rbtree_node const*)
0010794c 00000004 t addrMapNodeDestructor(rbtree_node*)
00107950 0000012c T linearMemAlign
00107a7c 00000008 T linearAlloc
00107a84 0000005c T linearFree
00107ae0 00000088 T MemPool::CoalesceRight(MemBlock*)
00107b68 00000178 T MemPool::Allocate(MemChunk&, unsigned long, int)
00107ce0 00000118 T MemPool::Deallocate(MemChunk const&)
00107df8 00000030 T MemPool::GetFreeSpace()
00107e28 00000024 t addrMapNodeComparator(rbtree_node const*, rbtree_node const*)
00107e4c 00000004 t addrMapNodeDestructor(rbtree_node*)
00107e50 00000248 T vramMemAlignAt
00108098 0000000c T vramAlloc
001080a4 0000000c T vramAllocAt
001080b0 00000094 T vramFree
00108144 000001c8 T consoleDrawChar
0010830c 00000170 T consolePrintChar
0010847c 00000cc8 T con_write
00109144 000000fc t newRow
00109240 00000180 T consoleInit
001093c0 000000b8 T consoleClear
00109478 0000009c T fontEnsureMapped
00109514 00000100 T fontGlyphIndexFromCodePoint
00109614 00000214 T fontCalcGlyphPos
00109828 000000cc t gfxPresentFramebuffer
001098f4 0000001c T gfxIsWide
00109910 000000f8 T gfxSetScreenFormat
00109a08 00000010 T gfxSetDoubleBuffering
00109a18 000000d8 T gfxInit
00109af0 00000010 T gfxInitDefault
00109b00 000000b8 T gfxExit
00109bb8 000000a0 T gfxGetFramebuffer
00109c58 00000100 T gfxFlushBuffers
00109d58 00000028 T gfxScreenSwapBuffers
00109d80 00000050 T gfxSwapBuffers
00109dd0 00000050 T gfxSwapBuffersGpu
00109e20 00000074 T osConvertVirtToPhys
00109e94 00000054 T osGetTimeRef
00109ee8 000000ec T osGetTime
00109fd4 00000034 T __ctru_speedup_config
0010a008 00000008 t romfs_close
0010a010 000000ac t romfs_seek
0010a0bc 00000024 t romfs_dirreset
0010a0e0 000000c0 t fill_dir
0010a1a0 000002ac t romfs_dirnext
0010a44c 00000074 t romfs_free
0010a4c0 000000d0 t searchForFile.constprop.0
0010a590 000000d4 t searchForDir.constprop.0
0010a664 000001c0 t navigateToDir.constprop.0
0010a824 00000114 t romfs_open
0010a938 0000004c t romfs_chdir
0010a984 00000068 t romfs_diropen
0010a9ec 00000178 t romfs_stat
0010ab64 00000008 t romfs_dirclose
0010ab70 0000007c t romfs_fstat
0010abec 000000d0 t romfs_read
0010acbc 00000294 T romfsMountFromFile
0010af50 00000098 T romfsMountFromCurrentProcess
0010afe8 00000258 T romfsMountSelf
0010b240 000000a0 T romfsUnmount
0010b2e0 0000013c T GPUCMD_Add
0010b41c 000000b0 T GPUCMD_Split
0010b4cc 00000034 T f32tof16
0010b500 00000034 T f32tof24
0010b534 00000038 T f32tof31
0010b56c 00000010 T GX_BindQueue
0010b57c 0000007c T GX_ProcessCommandList
0010b5f8 00000074 T GX_MemoryFill
0010b66c 00000074 T GX_DisplayTransfer
0010b6e0 00000064 t gxCmdQueueDoCommands.part.0
0010b744 000000e4 T gxCmdQueueInterrupt
0010b828 00000068 T gxCmdQueueClear
0010b890 00000108 T gxCmdQueueAdd
0010b998 00000080 T gxCmdQueueRun
0010ba18 00000064 T gxCmdQueueStop
0010ba7c 000000ac T gxCmdQueueWait
0010bb28 000001e0 T shaderInstanceInit
0010bd08 00000018 T shaderInstanceGetUniformLocation
0010bd20 0000001c T shaderProgramInit
0010bd3c 00000074 T shaderProgramFree
0010bdb0 00000094 T shaderProgramSetVsh
0010be44 000008d0 T shaderProgramConfigure
0010c714 000001dc t DVLE_GenerateOutmap.part.0
0010c8f0 000001ac T DVLB_ParseFile
0010ca9c 00000050 T DVLB_Free
0010caec 00000074 T DVLE_GetUniformRegister
0010cb60 00000180 t aptConvertScreenForCapture
0010cce0 00000008 W aptDspSleep
0010cce8 00000004 W aptDspWakeup
0010ccec 00000004 W aptDspCancel
0010ccf0 00000138 T aptSendCommand
0010ce28 00000044 t aptExitProcess
0010ce6c 00000394 T aptExit
0010d200 000000d8 T aptHandleSleep
0010d2d8 00000034 T aptHook
0010d30c 00000030 T aptUnhook
0010d33c 00000084 T APT_SleepIfShellClosed
0010d3c0 00000078 T aptSetSleepAllowed
0010d438 00000084 T APT_UnlockTransition
0010d4c0 00000470 t aptEventHandler
0010d930 000000bc T APT_ReceiveParameter
0010d9ec 000000b0 t aptReceiveParameter.constprop.0
0010daa0 00000294 t aptScreenTransfer
0010dd34 000002d0 t aptWaitForWakeUp.isra.0
0010e004 000000f4 T aptJumpToHomeMenu
0010e0f8 00000058 T aptMainLoop
0010e150 00000240 T aptInit
0010e390 00000090 T APT_CheckNew3DS
0010e420 00000048 T APT_GetSharedFont
0010e468 00000104 T fsInit
0010e56c 0000003c T fsExit
0010e5a8 00000068 T fsExemptFromSession
0010e610 00000050 T fsUnexemptFromSession
0010e660 000000cc T FSUSER_OpenFile
0010e72c 000000cc T FSUSER_OpenFileDirectly
0010e7f8 000000b8 T FSUSER_DeleteFile
0010e8b0 000000f4 T FSUSER_RenameFile
0010e9a4 000000b8 T FSUSER_DeleteDirectory
0010ea5c 000000d0 T FSUSER_CreateFile
0010eb2c 000000c0 T FSUSER_CreateDirectory
0010ebec 000000f4 T FSUSER_RenameDirectory
0010ece0 000000b4 T FSUSER_OpenDirectory
0010ed94 00000090 T FSUSER_OpenArchive
0010ee24 0000008c T FSUSER_CloseArchive
0010eeb0 00000074 T FSUSER_GetSdmcArchiveResource
0010ef24 00000064 T FSUSER_IsSdmcWritable
0010ef88 00000064 T FSFILE_Read
0010efec 0000006c T FSFILE_Write
0010f058 00000044 T FSFILE_GetSize
0010f09c 00000028 T FSFILE_SetSize
0010f0c4 0000003c T FSFILE_Close
0010f100 00000024 T FSFILE_Flush
0010f124 00000060 T FSDIR_Read
0010f184 0000003c T FSDIR_Close
0010f1c0 00000c70 t gspHardwareInit
0010fe30 00000288 T gspInit
001100b8 00000104 T gspExit
001101bc 00000010 T gspHasGpuRight
001101cc 000000a4 T gspPresentBuffer
00110270 00000030 T gspSetEventCallback
001102a0 00000050 T gspWaitForEvent
001102f0 0000004c T gspWaitForAnyEvent
0011033c 00000154 t gspEventThreadMain
00110490 0000012c T gspSubmitGxCommand
001105bc 00000050 T GSPGPU_FlushDataCache
0011060c 00000034 T GSPGPU_SetLcdForceBlack
00110640 00000084 T GSPGPU_AcquireRight
001106c4 00000064 T GSPGPU_ReleaseRight
00110728 0000007c T GSPGPU_ImportDisplayCaptureInfo
001107a4 0000002c T GSPGPU_SaveVramSysArea
001107d0 0000002c T GSPGPU_RestoreVramSysArea
001107fc 00000024 W hidShouldUseIrrst
00110820 000001cc T hidInit
001109ec 000000e8 T hidExit
00110ad4 000002a0 T hidScanInput
00110d74 00000010 T hidKeysDown
00110d84 00000018 T hidTouchRead
00110d9c 000001a4 T irrstInit
00110f40 000000dc T irrstExit
0011101c 000000b4 T irrstScanInput
001110d0 00000024 T irrstKeysHeld
001110f4 00000078 T ptmSysmInit
0011116c 0000003c T ptmSysmExit
001111a8 00000034 T PTMSYSM_ConfigureNew3DSCPU
001111dc 00000074 T rbtree_find
00111250 00000010 T rbtree_init
00111260 00000198 t do_insert
001113f8 00000008 T rbtree_insert
00111400 00000310 T rbtree_remove
00111710 00000090 T rbtree_rotate
001117a0 00000140 T decode_utf8
001118e0 000000e8 T utf16_to_utf8
001119c8 000000c0 T utf8_to_utf16
00111a88 000001e8 W __system_allocateHeaps
00111c70 00000038 W __libctru_init
00111ca8 0000016c W __system_initArgv
00111e14 00000030 T __syscall_getreent
00111e44 00000064 T __syscall_gettod_r
00111ea8 00000004 T __syscall_lock_acquire
00111eac 00000004 T __syscall_lock_release
00111eb0 00000004 T __syscall_lock_acquire_recursive
00111eb4 00000004 T __syscall_lock_release_recursive
00111eb8 00000004 T __syscall_exit
00111ebc 00000054 T initThreadVars
00111f10 00000080 T __system_initSyscalls
00111f90 T svcControlMemory
00111fb0 T svcQueryMemory
00111fe0 T svcExitProcess
00111fe8 T svcCreateThread
00112008 T svcExitThread
00112010 T svcSleepThread
00112018 T svcReleaseMutex
00112020 T svcCreateEvent
00112034 T svcSignalEvent
0011203c T svcClearEvent
00112044 T svcMapMemoryBlock
0011204c T svcUnmapMemoryBlock
00112054 T svcCreateAddressArbiter
00112068 T svcArbitrateAddressNoTimeout
00112070 T svcCloseHandle
00112078 T svcWaitSynchronization
00112080 T svcWaitSynchronizationN
001120a8 T svcDuplicateHandle
001120bc T svcGetSystemTick
001120c4 T svcConnectToPort
001120d8 T svcSendSyncRequest
001120e0 T svcGetResourceLimit
001120f4 T svcGetResourceLimitLimitValues
001120fc T svcGetResourceLimitCurrentValues
00112104 T svcBreak
0011210c T __aeabi_read_tp
00112118 W initSystem
00112168 W __ctru_exit
0011217c 0000008c W envGetHandle
00112208 00000050 W envDestroyHandles
00112258 00000164 T srvInit
001123bc 00000064 T srvExit
00112420 00000060 T srvEnableNotification
00112480 000000a0 T srvGetServiceHandleDirect
00112520 00000048 T srvGetServiceHandle
00112568 00000034 T srvSubscribe
0011259c 00000060 T srvReceiveNotification
001125fc 00000038 T srvPublishToSubscriber
00112634 0000000c T __sync_init
00112640 00000018 T __sync_fini
00112658 00000028 T syncArbitrateAddress
00112680 000000ac T LightLock_Lock
0011272c 00000040 T LightLock_Unlock
0011276c 00000054 T RecursiveLock_Lock
001127c0 00000054 T RecursiveLock_Unlock
00112814 00000044 T LightEvent_Init
00112858 000000b8 T LightEvent_Clear
00112910 000000dc T LightEvent_Signal
001129ec 00000050 T LightEvent_TryWait
00112a3c 000000ac T LightEvent_Wait
00112ae8 000001fc T threadCreate
00112ce4 00000038 T threadFree
00112d1c 00000024 T threadJoin
00112d40 00000030 T threadGetCurrent
00112d70 00000040 T threadExit
00112db0 00000020 t _thread_begin
00112dd0 00000090 t mappableFindAddressWithin
00112e60 00000028 T mappableInit
00112e88 0000007c T mappableAlloc
00112f04 00000004 T mappableFree
00112f08 0000000c T srvPmGetSessionHandle
00112f14 00000060 T rbtree_node_next
00112f74 00000054 T decode_utf16
00112fc8 00000054 T encode_utf16
0011301c 000000e0 T encode_utf8
001130fc 00000030 W __appExit
0011312c 00000030 W __appInit
0011315c 00000090 W __libctru_exit
001131ec 00000024 t error_cmp
00113210 00000050 t archive_translate_error
00113260 000000c0 t archive_seek
00113320 00000078 t _archiveInit.part.0
00113398 00000110 t archiveFindDevice.part.0
001134a8 00000298 t archive_utf16path
00113740 00000098 t _archiveUnmountDeviceStruct.part.0
001137d8 00000178 t _archiveMountDevice
00113950 000000f8 t archive_diropen
00113a48 000000ac t archive_fstat
00113af4 00000074 t archive_fsync
00113b68 00000074 t archive_close
00113bdc 00000078 t archive_dirclose
00113c54 000000ec t sdmc_statvfs
00113d40 000000f8 t archive_chdir
00113e38 0000008c t archive_ftruncate
00113ec4 000000bc t archive_read
00113f80 000000a8 t archive_unlink
00114028 000000c0 t archive_rmdir
001140e8 000000d8 t archive_mkdir
001141c0 000001a0 t archive_stat
00114360 00000164 t archive_dirnext
001144c4 0000013c t archive_write
00114600 00000254 t archive_open
00114854 00000270 t archive_rename
00114ac4 000001c8 T archiveMountSdmc
00114c8c 00000054 T archiveUnmountAll
00114ce0 000000c0 T ceilf
00114da0 00000130 T __udivmoddi4
00114ed0 000000e4 T strncat
00114fb4 0000001c T srand
00114fd0 00000044 T rand
00115014 00000128 T memcpy
0011513c 0000008c T strlen
001151c8 00000334 T _fread_r
001154fc 00000038 T fread
00115534 00000078 T bsearch
001155ac 00000134 T _fopen_r
001156e0 00000028 T fopen
00115708 00000028 T memalign
00115730 000000a0 T snprintf
001157d0 00000034 T printf
00115804 000001ec t _strtoul_l.isra.0
001159f0 00000038 T _strtoul_r
00115a28 0000003c T strtoul
00115a64 00000140 T strchr
00115ba4 000000d8 T memcmp
00115c7c 00000198 T _fgets_r
00115e14 00000030 T fgets
00115e44 00000028 T calloc
00115e6c 0000016c T _memalign_r
00115fd8 0000000c T __errno
00115fe4 00000164 T __smakebuf_r
00116148 00000090 T __swhatbuf_r
001161d8 000000e4 T memset
001162bc 000000d8 T _calloc_r
00116394 0000022c T __sflush_r
001165c0 000000c4 T _fflush_r
00116684 00000104 T _fwrite_r
00116788 00000038 T fwrite
001167c0 00000028 T realloc
001167e8 00000080 T strcspn
00116868 000008e8 T qsort
00117150 0000082c T _malloc_r
0011797c 00000114 T _malloc_trim_r
00117a90 00000314 T _free_r
00117da4 00000294 T setvbuf
00118038 0000001c t stdio_exit_handler
00118054 0000005c t cleanup_stdio
001180b0 00000154 t global_stdio_init.part.0
00118204 00000138 T __sfp
0011833c 0000005c T __sinit
00118398 0000000c T __sfp_lock_acquire
001183a4 0000000c T __sfp_lock_release
001183b0 00000084 T __libc_init_array
00118434 000000d4 T strncpy
00118508 0000001c T _fseek_r
00118524 00000040 T malloc
00118564 00000020 T free
00118584 000000e8 T memchr
0011866c 000000e0 T _puts_r
0011874c 00000020 T puts
0011876c 00000044 T __sread
001187b0 00000008 T __seofread
001187b8 00000068 T __swrite
00118820 00000040 T __sseek
00118860 00000008 T __sclose
00118868 000001a8 T memmove
00118a10 000004f0 T _realloc_r
00118f00 0000001c T localtime
00118f1c 0000000c T __malloc_lock
00118f28 0000000c T __malloc_unlock
00118f34 00000588 T _fseeko_r
001194bc 00000148 T _fclose_r
00119604 00000020 T fclose
00119624 00000048 T time
0011966c 00000004 W __call_exitprocs
00119670 00000030 T exit
001196a0 000005e0 t get_arg
00119c80 0000345c T _svfprintf_r
0011d0dc 000000b8 T __sflags
0011d194 0000003c T __libc_fini_array
0011d1d0 0000003c T strnlen
0011d20c 000000d8 T strncmp
0011d2e4 0000001c T tolower
0011d300 00000038 t lflush
0011d338 000001a8 T __srefill_r
0011d4e0 00000088 T frexp
0011d568 00000070 T _fwalk_sglue
0011d5d8 000005e0 t get_arg
0011dbb8 00003554 T _vfprintf_r
0012110c 000000b4 t __sbprintf
001211c0 000000a0 T _wcrtomb_r
00121260 000000a4 T __ssprint_r
00121304 000004a4 T __sfvwrite_r
001217a8 00000024 T __locale_mb_cur_max
001217cc 00000030 T __sprint_r
001217fc 0000035c T localtime_r
00121b58 00000258 T __tzcalc_limits
00121db0 000001c0 t quorem
00121f70 00001420 T _dtoa_r
00123390 00000384 t _strtol_l.part.0
00123714 0000006c T _strtol_r
00123780 00000010 T _tzset_unlocked
00123790 00000028 T _wcsrtombs_r
001237b8 00000140 T __swsetup_r
001238f8 0000000c T __gettzinfo
00123904 000000dc T _findenv_r
001239e0 00000018 T _getenv_r
001239f8 00000024 T _localeconv_r
00123a1c 0000012c T __ssputs_r
00123b48 000000f8 T __utf8_wctomb
00123c40 0000025c T gmtime_r
00123e9c 00000648 T _tzset_unlocked_r
001244e4 0000015c T _wcsnrtombs_l
00124640 00000064 T _wcsnrtombs_r
001246a4 0000000c T __env_lock
001246b0 0000000c T __env_unlock
001246bc 0000005c T __assert_func
00124718 00000088 T _Balloc
001247a0 0000001c T _Bfree
001247bc 000000f4 T __multadd
001248b0 00000080 T __hi0bits
00124930 000000f0 T __lo0bits
00124a20 000000a4 T __i2b
00124ac4 00000230 T __multiply
00124cf4 00000130 T __pow5mult
00124e24 00000138 T __lshift
00124f5c 00000058 T __mcmp
00124fb4 00000218 T __mdiff
001251cc 00000120 T __d2b
001252ec 00000340 T __utf8_mbtowc
0012562c 0000003c T fiprintf
00125668 0000000c T __tz_lock
00125674 0000000c T __tz_unlock
00125680 00000014 T abort
00125694 000000f0 T strcpy
00125784 00000078 T siscanf
001257fc 000005e0 t get_arg
00125ddc 000022f8 T _vfiprintf_r
001280d4 000000b4 t __sbprintf
00128188 0000009c T _raise_r
00128224 00000020 T raise
00128244 00000050 t get_arg
00128294 000000e4 T _sungetc_r
00128378 0000006c T __ssrefill_r
001283e4 000000b4 T _sfread_r
00128498 000022c4 T __ssvfiscanf_r
0012a75c 00000008 T iswspace
0012a764 00000264 t _strtoull_l.isra.0
0012a9c8 00000038 T _strtoull_r
0012aa00 000000b8 T __submore
0012aab8 000000c4 T _mbrtowc_r
0012ab7c 000000f8 T __sccl
0012ac74 0000047c t _strtoll_l.isra.0
0012b0f0 00000038 T _strtoll_r
0012b128 00000038 T iswspace_l
0012b160 00000090 T category
0012b1f0 00000020 T _exit
0012b210 00000140 T chdir
0012b350 000001c8 T _concatenate_path
0012b518 0000009c T _fstat_r
0012b5b4 00000014 T _getpid_r
0012b5c8 0000002c T __getreent
0012b5f4 00000030 T _gettimeofday_r
0012b624 000000a0 T __release_handle
0012b6c4 000000b0 T __alloc_handle
0012b774 00000058 T __get_handle
0012b7cc 00000110 T _close_r
0012b8dc 00000008 t null_write
0012b8e4 00000018 T setDefaultDevice
0012b8fc 00000098 T FindDevice
0012b994 00000024 T RemoveDevice
0012b9b8 00000088 T AddDevice
0012ba40 00000020 T GetDeviceOpTab
0012ba60 00000008 T _isatty_r
0012ba68 00000014 T _kill_r
0012ba7c 00000094 T _lseek_r
0012bb10 00000068 T mkdir
0012bb78 000000c0 T _open_r
0012bc38 00000094 T _read_r
0012bccc 00000078 W _sbrk_r
0012bd44 0000001c T __libc_lock_acquire
0012bd60 0000001c T __libc_lock_release
0012bd7c 0000001c T __libc_lock_acquire_recursive
0012bd98 0000001c T __libc_lock_release_recursive
0012bdb4 00000094 T _write_r
0012be48 00000048 T strrchr
0012be90 T _fini
0012c674 r .LC2
0012c820 R render2d_shbin
0012c9ac 00000004 r depthFmtSizes
0012c9ac R render2d_shbin_end
0012c9b0 00000005 r colorFmtSizes
0012c9b8 00000010 r CSWTCH.11
0012cc0c 00000080 r dotab_stdout
0012cc8c 00000018 r grayScale
0012cca4 00000006 r colorCube
0012ccac 00000030 r colorTable
0012ccdc 00000080 r romFS_devoptab
0012cd84 00000008 r morton_y.2
0012cd8c 00000008 r morton_x.3
0012cd94 00000008 r s_sleepWakeEvents.4
0012cd9c 0000000c r serviceNameTable.5
0012cda8 R default_font_bin
0012d5a8 R default_font_bin_end
0012d5a8 00000030 r error_table
0012d5d8 00000080 r archive_devoptab
0012d780 00000010 r zeroes.0
0012d790 00000010 r blanks.1
0012d7a0 00000101 R _ctype_
0012d98c 00000010 r zeroes.0
0012d99c 00000010 r blanks.1
0012d9ac 0000006c R __action_table
0012da18 0000006c R __state_table
0012da84 00000100 R __chclass
0012db8c 00000060 R __month_lengths
0012dbec 0000000c r p05.0
0012dbf8 00000028 R __mprec_bigtens
0012dc20 000000c8 R __mprec_tens
0012ddd4 00000010 r zeroes.0
0012dde4 00000010 r blanks.1
0012de74 00000022 r basefix.0
0012de98 000037f8 r categories
00131690 00000080 R dotab_stdnull
00131710 R __tdata_align
00131714 r __EH_FRAME_BEGIN__
00131714 R __exidx_end
00131714 R __exidx_start
00132000 00000004 d pressedButton
00132004 00000008 d framerateCounter
0013200c 00000004 d framerate
00132010 00000001 d firstConsoleInit.0
00132014 00000004 D currentConsole
00132018 00000048 D defaultConsole
00132060 00000004 d queueLock
00132064 00000004 d aptChainloadDeliverArgSize
00132068 00000004 d kCount
0013206c 00000004 d kInterval
00132070 00000004 d kDelay
00132074 W __stacksize__
00132078 00000004 D _impure_ptr
00132080 00000200 D _impure_data
00132280 00000004 D __malloc_sbrk_base
00132284 00000004 D __malloc_trim_threshold
00132288 00000408 D __malloc_av_
00132690 0000000c D __sglue
0013269c 00000254 D __global_locale
001328f0 00000058 d tzinfo
00132948 00000008 D _tzname
00132950 00000004 D environ
00132954 00000400 d _current_working_directory
00132d58 00001000 d handles
00133d58 0000000c d __stderr_handle
00133d64 0000000c d __stdout_handle
00133d70 0000000c d __stdin_handle
00133d7c 0000008c D devoptab_list
00133e08 00000004 d defaultDevice
00133e14 d _GLOBAL_OFFSET_TABLE_
00133e20 d __frame_dummy_init_array_entry
00133e20 D __init_array_start
00133e20 B __preinit_array_end
00133e20 B __preinit_array_start
00133e20 D __tdata_lma
00133e20 D __tdata_lma_end
00133e24 d __do_global_dtors_aux_fini_array_entry
00133e24 D __fini_array_start
00133e24 D __init_array_end
00133e28 D __bss_start__
00133e28 D __fini_array_end
00133e28 00000004 b categoryCount
00133e2c 00000004 b cardCount
00133e30 00000004 b currentCard
00133e34 00000800 b categoryNames
00134634 00000001 b showingFavourites
00134638 00000004 b currentCategory
0013463c 000003e8 b favourites
00134a24 00000004 b topTarget
00134a28 00000004 b textBuffer
00134a2c 00000004 b systemFont
00134a30 0000001c b drawTopScreen()::headerText
00134a4c 0000001c b categoryText
00134a68 0000001c b titleText
00134a84 0000001c b adviceText
00134aa0 0000001c b favouriteText
00134abc 00000040 b drawTopScreen()::positionString
00134afc 0000001c b drawTopScreen()::positionText
00134b18 00000004 b bottomTarget
00134b1c 0000001c b drawLoadError()::errorTitle
00134b38 0000001c b drawLoadError()::errorText
00134b54 00000001 b showingHelp
00134b58 00000070 b updateTextObjects()::wrappedTitle
00134bc8 000002d8 b updateTextObjects()::wrappedAdvice
00134ea0 0000001c b drawHelpScreen()::helpTitle
00134ebc 0000001c b drawHelpScreen()::aboutTitle
00134ed8 0000001c b drawHelpScreen()::aboutText
00134ef4 0000001c b drawBottomScreen()::headerText
00134f10 000003b8 b buttonTexts
001352c8 0000001c b drawBottomScreen()::footer
001352e4 000927c0 b cardAdvice
001c7aa4 00013880 b cardTitle
001db324 0000fa00 b cardCategory
001ead24 00002ee0 b cards
001edc08 000005a8 B __C2Di_Context
001ee1b0 00000040 b s_projTop
001ee1f0 00000040 b s_projBot
001ee230 00000004 b uLoc_mdlvMtx
001ee234 00000004 b uLoc_projMtx
001ee238 00000004 b s_glyphSheets
001ee23c 00000004 b s_textScale
001ee240 b completed.1
001ee244 b object.0
001ee25c 0000000c b hookCookie
001ee268 000002d0 B __C3D_Context
001ee538 00000004 b frameEndCbData
001ee53c 00000004 b frameEndCb
001ee540 00000008 b frameCounter
001ee548 00000001 b isTopStereo
001ee549 00000001 b needSwapBot
001ee54a 00000001 b needSwapTop
001ee54b 00000001 b measureGpuTime
001ee54c 00000001 b inSafeTransfer
001ee54d 00000001 b inFrame
001ee550 00000010 b cpuTime
001ee560 00000010 b gpuTime
001ee570 0000000c b linkedTarget
001ee57c 00000004 b lastTarget
001ee580 00000004 b firstTarget
001ee584 00000008 b C3Di_IVUnifEverDirty
001ee58c 000000c0 b C3Di_FVUnifEverDirty
001ee64c 00000018 b C3Di_ShaderFVecData
001ee664 00000002 B C3D_BoolUnifsDirty
001ee668 00000008 B C3D_IVUnifDirty
001ee670 000000c0 B C3D_FVUnifDirty
001ee730 00000004 B C3D_BoolUnifs
001ee734 00000020 B C3D_IVUnif
001ee754 00000c00 B C3D_FVUnif
001ef358 00000008 b sLinearPool
001ef360 0000000c b sAddrMap
001ef370 00000008 b sVramPoolB
001ef378 00000008 b sVramPoolA
001ef380 0000000c b sAddrMap
001ef38c 00000064 b escapeSeq
001ef3f0 00000048 B currentCopy
001ef438 00000004 b sharedFontAddr
001ef43c 00000004 B g_sharedFont
001ef440 00000004 b screenAlloc
001ef444 00000004 b screenFree
001ef448 00000002 b gfxIsDoubleBuf
001ef44c 00000002 b gfxCurBuf
001ef44e 00000001 b gfxIsVram
001ef44f 00000001 b gfxTopMode
001ef450 00000002 b gfxFramebufferFormats
001ef454 00000004 b gfxBottomFramebufferMaxSize
001ef458 00000004 b gfxTopFramebufferMaxSize
001ef460 00000008 b gfxBottomFramebuffers
001ef468 00000008 b gfxTopFramebuffers
001ef470 00000001 V __ctru_speedup
001ef474 00000004 b romfs_mount_list
001ef478 00000004 V __romfs_path
001ef47c 00000004 B gpuCmdBufOffset
001ef480 00000004 B gpuCmdBufSize
001ef484 00000004 B gpuCmdBuf
001ef488 00000004 b boundQueue
001ef48c 00000001 b shouldStop
001ef48d 00000001 b isRunning
001ef48e 00000001 b isActive
001ef490 00000004 b curQueue
001ef494 00000001 b flagValue.0
001ef495 00000001 b flagInit.1
001ef498 00000004 b serviceName.6
001ef49c 00000001 b aptChainloadFlags
001ef49d 00000001 b aptChainloadMediatype
001ef4a0 00000020 b aptChainloadHmac
001ef4c0 00000300 b aptChainloadDeliverArg
001ef7c0 00000008 b aptChainloadTid
001ef7c8 00001000 b aptParameters
001f07c8 00000004 b aptFlags
001f07cc 00000001 b aptHomeButtonState
001f07d0 00000004 b aptMessageFuncData
001f07d4 00000004 b aptMessageFunc
001f07d8 0000000c b aptFirstHook
001f07e4 00000001 b aptEventHandlerThreadQuit
001f07e8 00000004 b aptEventHandlerThread
001f07ec 00000008 b aptSleepEvent
001f07f4 00000008 b aptReceiveEvent
001f07fc 00000008 b aptEvents
001f0804 00000004 b aptLockHandle
001f0808 00000004 b aptRefCount
001f0810 00000080 b fsExemptArchives
001f0890 00000004 b fsuRefCount
001f0894 00000004 b fsuHandle
001f0898 00000007 b gspEventCbOneShot
001f08a0 0000001c b gspEventCbData
001f08bc 0000001c b gspEventCb
001f08d8 00000038 b gspEvents
001f0910 00000004 b gspLastEvent
001f0914 00000001 b gspRunEvents
001f0918 00000004 b gspEventThread
001f091c 00000004 b gspEvent
001f0920 00000001 b gspGpuRight
001f0921 00000001 b gspThreadId
001f0924 00000004 b gspSharedMem
001f0928 00000004 b gspSharedMemHandle
001f092c 00000004 b gspRefCount
001f0930 00000004 b gspGpuHandle
001f0934 00000001 b usingIrrst
001f0938 00000004 b hidRefCount
001f093c 00000006 b gRate
001f0944 00000006 b aVec
001f094c 00000004 b cPos
001f0950 00000004 b tPos
001f0954 00000004 b kRepeat
001f0958 00000004 b kUp
001f095c 00000004 b kDown
001f0960 00000004 b kHeld
001f0964 00000004 b kOld
001f0968 00000004 B hidSharedMem
001f096c 00000014 B hidEvents
001f0980 00000004 B hidMemHandle
001f0984 00000004 B hidHandle
001f0988 00000004 b irrstRefCount
001f098c 00000004 b csPos
001f0990 00000004 b kHeld
001f0994 00000004 B irrstSharedMem
001f0998 00000004 B irrstEvent
001f099c 00000004 B irrstMemHandle
001f09a0 00000004 B irrstHandle
001f09a4 00000004 b ptmSysmRefCount
001f09a8 00000004 b ptmSysmHandle
001f09ac 00000004 V __ctru_linear_heap_size
001f09b0 00000004 V __ctru_heap_size
001f09b4 00000004 B __ctru_linear_heap
001f09b8 00000004 B __ctru_heap
001f09bc 00000004 B __system_retAddr
001f09c0 00000004 B __system_argv
001f09c4 00000004 B __system_argc
001f09c8 b saved_stack
001f09d0 00000004 B __3dslink_host
001f09d4 00000004 b srvRefCount
001f09d8 00000004 b srvHandle
001f09dc 00000004 b arbiter
001f09e0 00000004 b currentAddr
001f09e4 00000004 b maxAddr
001f09e8 00000004 b minAddr
001f09ec 00000004 b srvPmHandle
001f09f0 000005c0 b archive_devices
001f0fb0 00000004 b archive_device_cwd
001f0fb4 00000001 b archive_initialized
001f0fb8 00000028 B __malloc_current_mallinfo
001f0fe0 00000004 B __malloc_max_total_mem
001f0fe4 00000004 B __malloc_max_sbrked_mem
001f0fe8 00000004 B __malloc_top_pad
001f0fec 0000000c b __sfp_recursive_mutex
001f0ff8 00000168 B __sf
001f1160 00000004 B __stdio_exit_handler
001f1164 0000000c b __malloc_recursive_mutex
001f1170 00000004 b prev_tzenv
001f1174 0000000c b __tzname_dst
001f1180 0000000c b __tzname_std
001f118c 0000000c b __env_recursive_mutex
001f1198 00000004 B _timezone
001f119c 00000004 B _daylight
001f11a0 00000004 b __tz_mutex
001f11a4 00000004 b initial_env
001f11a8 00000400 b temp_cwd
001f15a8 00000004 b __hndl_lock
001f15ac 00000004 B fake_heap_start
001f15b0 00000004 B fake_heap_end
001f15b4 00000004 b heap_start.0
001f15b8 B __tls_start
001f21c0 B __bss_end__
001f21c0 A __end__
001f21c0 B __tls_end
